<html>
<body>
<pre>
<h1>µVision Build Log</h1>
<h2>Project:</h2>
F:\Vessel Management System\ti\TivaWare_C_Series-2.0.1.11577\examples\boards\dk-tm4c123g\RTC\Vms.uvproj
Project File Date:  07/12/2017

<h2>Output:</h2>
Build target 'tracking device'
linking...
Program Size: Code=3140 RO-data=540 RW-data=72 ZI-data=8448  
After Build - User command #1: fromelf --bin --output .\rvmdk\uart_echo.bin .\rvmdk\uart_echo.axf
".\rvmdk\uart_echo.axf" - 0 Errors, 0 Warning(s).
Build target 'tracking device'
linking...
Program Size: Code=3140 RO-data=540 RW-data=72 ZI-data=8448  
After Build - User command #1: fromelf --bin --output .\rvmdk\uart_echo.bin .\rvmdk\uart_echo.axf
".\rvmdk\uart_echo.axf" - 0 Errors, 0 Warning(s).
Load "F:\\Vessel Management System\\ti\\TivaWare_C_Series-2.0.1.11577\\examples\\boards\\dk-tm4c123g\\RTC\\rvmdk\\uart_echo.axf" 
Connecting: Mode=JTAG, Speed=1000000Hz
Erase Done.
Programming Done.
Verify OK.
Build target 'tracking device'
compiling main.c...
linking...
Program Size: Code=3140 RO-data=540 RW-data=72 ZI-data=8448  
After Build - User command #1: fromelf --bin --output .\rvmdk\uart_echo.bin .\rvmdk\uart_echo.axf
".\rvmdk\uart_echo.axf" - 0 Errors, 0 Warning(s).
Build target 'tracking device'
linking...
Program Size: Code=3140 RO-data=540 RW-data=72 ZI-data=8448  
After Build - User command #1: fromelf --bin --output .\rvmdk\uart_echo.bin .\rvmdk\uart_echo.axf
".\rvmdk\uart_echo.axf" - 0 Errors, 0 Warning(s).
Load "F:\\Vessel Management System\\ti\\TivaWare_C_Series-2.0.1.11577\\examples\\boards\\dk-tm4c123g\\RTC\\rvmdk\\uart_echo.axf" 
Connecting: Mode=JTAG, Speed=1000000Hz
Erase Done.
Programming Done.
Verify OK.
