ARM Linker, 5.03 [Build 76] [MDK-ARM Professional]

==============================================================================

Section Cross References

    startup_rvmdk.o(RESET) refers to startup_rvmdk.o(STACK) for StackMem
    startup_rvmdk.o(RESET) refers to scheduler.o(i.SchedulerSysTickIntHandler) for SchedulerSysTickIntHandler
    startup_rvmdk.o(RESET) refers to main.o(i.PPSGPIOInterrupt) for PPSGPIOInterrupt
    startup_rvmdk.o(RESET) refers to main.o(i.piStatusGPIOInterrupt) for piStatusGPIOInterrupt
    startup_rvmdk.o(RESET) refers to uartconfiguration.o(i.UART0IntHandler) for UART0IntHandler
    startup_rvmdk.o(RESET) refers to adafruitultimategps.o(i.GPSIntHandler) for GPSIntHandler
    startup_rvmdk.o(RESET) refers to main.o(i.WatchdogIntHandler) for WatchdogIntHandler
    startup_rvmdk.o(RESET) refers to main.o(i.PPSHighTimerInterrupt) for PPSHighTimerInterrupt
    startup_rvmdk.o(RESET) refers to main.o(i.PPSLowTimerInterrupt) for PPSLowTimerInterrupt
    startup_rvmdk.o(RESET) refers to main.o(i.PiStatusTimerInterrupt) for PiStatusTimerInterrupt
    startup_rvmdk.o(RESET) refers to entry.o(.ARM.Collect$$$$00000000) for __main
    main.o(i.PPSGPIOInterrupt) refers to gpio.o(i.GPIOIntClear) for GPIOIntClear
    main.o(i.PPSGPIOInterrupt) refers to timer.o(i.TimerLoadSet) for TimerLoadSet
    main.o(i.PPSGPIOInterrupt) refers to strfunc.o(i.stringLength) for stringLength
    main.o(i.PPSGPIOInterrupt) refers to uartconfiguration.o(i.UARTSend) for UARTSend
    main.o(i.PPSGPIOInterrupt) refers to main.o(.data) for PPSInterruptOccured
    main.o(i.PPSHighTimerInterrupt) refers to gpio.o(i.GPIOPinWrite) for GPIOPinWrite
    main.o(i.PPSHighTimerInterrupt) refers to strfunc.o(i.stringLength) for stringLength
    main.o(i.PPSHighTimerInterrupt) refers to uartconfiguration.o(i.UARTSend) for UARTSend
    main.o(i.PPSHighTimerInterrupt) refers to main.o(.data) for lastSyncWithPPS
    main.o(i.PPSLowTimerInterrupt) refers to gpio.o(i.GPIOPinWrite) for GPIOPinWrite
    main.o(i.PPSLowTimerInterrupt) refers to timer.o(i.TimerLoadSet) for TimerLoadSet
    main.o(i.PiStatusTimerInterrupt) refers to gpio.o(i.GPIOPinWrite) for GPIOPinWrite
    main.o(i.PiStatusTimerInterrupt) refers to main.o(.data) for piCurrState
    main.o(i.WatchdogIntHandler) refers to systick.o(i.SysTick_delay_us) for SysTick_delay_us
    main.o(i.configPPSGPIO) refers to gpio.o(i.GPIOPinTypeGPIOInput) for GPIOPinTypeGPIOInput
    main.o(i.configPPSGPIO) refers to gpio.o(i.GPIOIntTypeSet) for GPIOIntTypeSet
    main.o(i.configPPSGPIO) refers to gpio.o(i.GPIOPinTypeGPIOOutput) for GPIOPinTypeGPIOOutput
    main.o(i.configPPSGPIO) refers to gpio.o(i.GPIOPinWrite) for GPIOPinWrite
    main.o(i.configPPSTimer) refers to timer.o(i.TimerClockSourceSet) for TimerClockSourceSet
    main.o(i.configPPSTimer) refers to timer.o(i.TimerLoadSet) for TimerLoadSet
    main.o(i.configPiStatusGPIO) refers to gpio.o(i.GPIOPinTypeGPIOInput) for GPIOPinTypeGPIOInput
    main.o(i.configPiStatusGPIO) refers to gpio.o(i.GPIOIntTypeSet) for GPIOIntTypeSet
    main.o(i.configPiStatusGPIO) refers to gpio.o(i.GPIOIntEnable) for GPIOIntEnable
    main.o(i.configPiStatusGPIO) refers to gpio.o(i.GPIOPinTypeGPIOOutput) for GPIOPinTypeGPIOOutput
    main.o(i.configPiStatusGPIO) refers to gpio.o(i.GPIOPinWrite) for GPIOPinWrite
    main.o(i.configPiStatusTimer) refers to timer.o(i.TimerClockSourceSet) for TimerClockSourceSet
    main.o(i.configPiStatusTimer) refers to timer.o(i.TimerLoadSet64) for TimerLoadSet64
    main.o(i.main) refers to systick.o(i.SysTick_Init) for SysTick_Init
    main.o(i.main) refers to scheduler.o(i.SchedulerInit) for SchedulerInit
    main.o(i.main) refers to uartconfiguration.o(i.configUART) for configUART
    main.o(i.main) refers to adafruitultimategps.o(i.initGPS) for initGPS
    main.o(i.main) refers to strfunc.o(i.stringLength) for stringLength
    main.o(i.main) refers to uartconfiguration.o(i.UARTSend) for UARTSend
    main.o(i.main) refers to main.o(i.configPiStatusGPIO) for configPiStatusGPIO
    main.o(i.main) refers to main.o(i.configPiStatusTimer) for configPiStatusTimer
    main.o(i.main) refers to main.o(i.configPPSGPIO) for configPPSGPIO
    main.o(i.main) refers to main.o(i.configPPSTimer) for configPPSTimer
    main.o(i.main) refers to main.o(i.syncWithGPSPPS) for syncWithGPSPPS
    main.o(i.main) refers to adafruitultimategps.o(i.isGPSSentenceComplete) for isGPSSentenceComplete
    main.o(i.main) refers to adafruitultimategps.o(i.GPSGetData) for GPSGetData
    main.o(i.main) refers to adafruitultimategps.o(i.isGPSDataUpdated) for isGPSDataUpdated
    main.o(i.main) refers to systick.o(i.SysTick_delay_ms) for SysTick_delay_ms
    main.o(i.main) refers to main.o(.data) for ResyncTimeout
    main.o(i.main) refers to adafruitultimategps.o(.constdata) for GPSData
    main.o(i.piCurrStateBlink) refers to gpio.o(i.GPIOPinWrite) for GPIOPinWrite
    main.o(i.piCurrStateBlink) refers to main.o(.data) for piCurrStateToggle
[...]
    gpio.o(i.GPIOPinTypeGPIOOutputOD) refers to gpio.o(i.GPIOPadConfigSet) for GPIOPadConfigSet
    gpio.o(i.GPIOPinTypeGPIOOutputOD) refers to gpio.o(i.GPIODirModeSet) for GPIODirModeSet
    gpio.o(i.GPIOPinTypeI2C) refers to gpio.o(i.GPIODirModeSet) for GPIODirModeSet
    gpio.o(i.GPIOPinTypeI2C) refers to gpio.o(i.GPIOPadConfigSet) for GPIOPadConfigSet
    gpio.o(i.GPIOPinTypeI2CSCL) refers to gpio.o(i.GPIODirModeSet) for GPIODirModeSet
    gpio.o(i.GPIOPinTypeI2CSCL) refers to gpio.o(i.GPIOPadConfigSet) for GPIOPadConfigSet
    gpio.o(i.GPIOPinTypeKBColumn) refers to gpio.o(i.GPIODirModeSet) for GPIODirModeSet
    gpio.o(i.GPIOPinTypeKBColumn) refers to gpio.o(i.GPIOPadConfigSet) for GPIOPadConfigSet
    gpio.o(i.GPIOPinTypeKBRow) refers to gpio.o(i.GPIODirModeSet) for GPIODirModeSet
    gpio.o(i.GPIOPinTypeKBRow) refers to gpio.o(i.GPIOPadConfigSet) for GPIOPadConfigSet
    gpio.o(i.GPIOPinTypeLCD) refers to gpio.o(i.GPIODirModeSet) for GPIODirModeSet
    gpio.o(i.GPIOPinTypeLCD) refers to gpio.o(i.GPIOPadConfigSet) for GPIOPadConfigSet
    gpio.o(i.GPIOPinTypeLEDSeq) refers to gpio.o(i.GPIODirModeSet) for GPIODirModeSet
    gpio.o(i.GPIOPinTypeLEDSeq) refers to gpio.o(i.GPIOPadConfigSet) for GPIOPadConfigSet
    gpio.o(i.GPIOPinTypeLPC) refers to gpio.o(i.GPIODirModeSet) for GPIODirModeSet
    gpio.o(i.GPIOPinTypeLPC) refers to gpio.o(i.GPIOPadConfigSet) for GPIOPadConfigSet
    gpio.o(i.GPIOPinTypePECIRx) refers to gpio.o(i.GPIODirModeSet) for GPIODirModeSet
    gpio.o(i.GPIOPinTypePECIRx) refers to gpio.o(i.GPIOPadConfigSet) for GPIOPadConfigSet
    gpio.o(i.GPIOPinTypePECITx) refers to gpio.o(i.GPIODirModeSet) for GPIODirModeSet
    gpio.o(i.GPIOPinTypePECITx) refers to gpio.o(i.GPIOPadConfigSet) for GPIOPadConfigSet
    gpio.o(i.GPIOPinTypePWM) refers to gpio.o(i.GPIODirModeSet) for GPIODirModeSet
    gpio.o(i.GPIOPinTypePWM) refers to gpio.o(i.GPIOPadConfigSet) for GPIOPadConfigSet
    gpio.o(i.GPIOPinTypeQEI) refers to gpio.o(i.GPIODirModeSet) for GPIODirModeSet
    gpio.o(i.GPIOPinTypeQEI) refers to gpio.o(i.GPIOPadConfigSet) for GPIOPadConfigSet
    gpio.o(i.GPIOPinTypeSSI) refers to gpio.o(i.GPIODirModeSet) for GPIODirModeSet
    gpio.o(i.GPIOPinTypeSSI) refers to gpio.o(i.GPIOPadConfigSet) for GPIOPadConfigSet
    gpio.o(i.GPIOPinTypeTimer) refers to gpio.o(i.GPIODirModeSet) for GPIODirModeSet
    gpio.o(i.GPIOPinTypeTimer) refers to gpio.o(i.GPIOPadConfigSet) for GPIOPadConfigSet
    gpio.o(i.GPIOPinTypeUART) refers to gpio.o(i.GPIODirModeSet) for GPIODirModeSet
    gpio.o(i.GPIOPinTypeUART) refers to gpio.o(i.GPIOPadConfigSet) for GPIOPadConfigSet
    gpio.o(i.GPIOPinTypeUSBAnalog) refers to gpio.o(i.GPIODirModeSet) for GPIODirModeSet
    gpio.o(i.GPIOPinTypeUSBAnalog) refers to gpio.o(i.GPIOPadConfigSet) for GPIOPadConfigSet
    gpio.o(i.GPIOPinTypeUSBDigital) refers to gpio.o(i.GPIODirModeSet) for GPIODirModeSet
    gpio.o(i.GPIOPinTypeUSBDigital) refers to gpio.o(i.GPIOPadConfigSet) for GPIOPadConfigSet
    gpio.o(i.GPIOPinTypeWakeHigh) refers to gpio.o(i.GPIODirModeSet) for GPIODirModeSet
    gpio.o(i.GPIOPinTypeWakeHigh) refers to gpio.o(i.GPIOPadConfigSet) for GPIOPadConfigSet
    gpio.o(i.GPIOPinTypeWakeLow) refers to gpio.o(i.GPIODirModeSet) for GPIODirModeSet
    gpio.o(i.GPIOPinTypeWakeLow) refers to gpio.o(i.GPIOPadConfigSet) for GPIOPadConfigSet
    sysctl.o(i.SysCtlClockFreqSet) refers to sysctl.o(.constdata) for .constdata
    sysctl.o(i.SysCtlClockGet) refers to sysctl.o(.constdata) for .constdata
    sysctl.o(i.SysCtlClockSet) refers to sysctl.o(.emb_text) for SysCtlDelay
    sysctl.o(i.SysCtlDeepSleep) refers to cpu.o(.emb_text) for CPUwfi
    sysctl.o(i.SysCtlDeepSleepClockConfigSet) refers to sysctl.o(.constdata) for .constdata
    sysctl.o(i.SysCtlIntRegister) refers to interrupt.o(i.IntRegister) for IntRegister
    sysctl.o(i.SysCtlIntRegister) refers to interrupt.o(i.IntEnable) for IntEnable
    sysctl.o(i.SysCtlIntUnregister) refers to interrupt.o(i.IntDisable) for IntDisable
    sysctl.o(i.SysCtlIntUnregister) refers to interrupt.o(i.IntUnregister) for IntUnregister
    sysctl.o(i.SysCtlSleep) refers to cpu.o(.emb_text) for CPUwfi
    systick.o(i.SysTickIntRegister) refers to interrupt.o(i.IntRegister) for IntRegister
    systick.o(i.SysTickIntUnregister) refers to interrupt.o(i.IntUnregister) for IntUnregister
    timer.o(i.TimerIntRegister) refers to interrupt.o(i.IntRegister) for IntRegister
    timer.o(i.TimerIntRegister) refers to interrupt.o(i.IntEnable) for IntEnable
    timer.o(i.TimerIntRegister) refers to timer.o(.constdata) for .constdata
    timer.o(i.TimerIntUnregister) refers to interrupt.o(i.IntDisable) for IntDisable
    timer.o(i.TimerIntUnregister) refers to interrupt.o(i.IntUnregister) for IntUnregister
    timer.o(i.TimerIntUnregister) refers to timer.o(.constdata) for .constdata
    uart.o(i.UARTIntRegister) refers to interrupt.o(i.IntRegister) for IntRegister
    uart.o(i.UARTIntRegister) refers to interrupt.o(i.IntEnable) for IntEnable
    uart.o(i.UARTIntRegister) refers to uart.o(.constdata) for .constdata
    uart.o(i.UARTIntUnregister) refers to interrupt.o(i.IntDisable) for IntDisable
    uart.o(i.UARTIntUnregister) refers to interrupt.o(i.IntUnregister) for IntUnregister
    uart.o(i.UARTIntUnregister) refers to uart.o(.constdata) for .constdata
    interrupt.o(i.IntDisable) refers to interrupt.o(.constdata) for .constdata
    interrupt.o(i.IntEnable) refers to interrupt.o(.constdata) for .constdata
    interrupt.o(i.IntIsEnabled) refers to interrupt.o(.constdata) for .constdata
    interrupt.o(i.IntMasterDisable) refers to cpu.o(.emb_text) for CPUcpsid
    interrupt.o(i.IntMasterEnable) refers to cpu.o(.emb_text) for CPUcpsie
    interrupt.o(i.IntPendClear) refers to interrupt.o(.constdata) for .constdata
    interrupt.o(i.IntPendSet) refers to interrupt.o(.constdata) for .constdata
    interrupt.o(i.IntPriorityGet) refers to interrupt.o(.constdata) for .constdata
    interrupt.o(i.IntPriorityGroupingGet) refers to interrupt.o(.constdata) for .constdata
    interrupt.o(i.IntPriorityGroupingSet) refers to interrupt.o(.constdata) for .constdata
    interrupt.o(i.IntPriorityMaskGet) refers to cpu.o(.emb_text) for CPUbasepriGet
    interrupt.o(i.IntPriorityMaskSet) refers to cpu.o(.emb_text) for CPUbasepriSet
    interrupt.o(i.IntPrioritySet) refers to interrupt.o(.constdata) for .constdata
    interrupt.o(i.IntRegister) refers to interrupt.o(vtable) for vtable
    interrupt.o(i.IntUnregister) refers to interrupt.o(i._IntDefaultHandler) for _IntDefaultHandler
    interrupt.o(i.IntUnregister) refers to interrupt.o(vtable) for vtable
    ceil.o(i.__hardfp_ceil) refers (Special) to iusefp.o(.text) for __I$use$fp
    ceil.o(i.__hardfp_ceil) refers to dadd.o(.text) for __aeabi_dadd
    ceil.o(i.__hardfp_ceil) refers to cdrcmple.o(.text) for __aeabi_cdrcmple
    ceil.o(i.__softfp_ceil) refers (Special) to iusefp.o(.text) for __I$use$fp
    ceil.o(i.__softfp_ceil) refers to ceil.o(i.__hardfp_ceil) for __hardfp_ceil
    ceil.o(i.ceil) refers (Special) to iusefp.o(.text) for __I$use$fp
    ceil.o(i.ceil) refers to ceil.o(i.__hardfp_ceil) for __hardfp_ceil
    floor.o(i.__hardfp_floor) refers (Special) to iusefp.o(.text) for __I$use$fp
    floor.o(i.__hardfp_floor) refers to dadd.o(.text) for __aeabi_dadd
    floor.o(i.__hardfp_floor) refers to cdrcmple.o(.text) for __aeabi_cdrcmple
    floor.o(i.__softfp_floor) refers (Special) to iusefp.o(.text) for __I$use$fp
    floor.o(i.__softfp_floor) refers to floor.o(i.__hardfp_floor) for __hardfp_floor
    floor.o(i.floor) refers (Special) to iusefp.o(.text) for __I$use$fp
    floor.o(i.floor) refers to floor.o(i.__hardfp_floor) for __hardfp_floor
    pow.o(i.__hardfp_pow) refers (Special) to iusefp.o(.text) for __I$use$fp
    pow.o(i.__hardfp_pow) refers to dadd.o(.text) for __aeabi_dadd
    pow.o(i.__hardfp_pow) refers to errno.o(i.__set_errno) for __set_errno
    pow.o(i.__hardfp_pow) refers to dmul.o(.text) for __aeabi_dmul
    pow.o(i.__hardfp_pow) refers to ddiv.o(.text) for __aeabi_ddiv
    pow.o(i.__hardfp_pow) refers to sqrt.o(i.sqrt) for sqrt
    pow.o(i.__hardfp_pow) refers to fabs.o(i.fabs) for fabs
    pow.o(i.__hardfp_pow) refers to dunder.o(i.__mathlib_dbl_underflow) for __mathlib_dbl_underflow
    pow.o(i.__hardfp_pow) refers to qnan.o(.constdata) for __mathlib_zero
    pow.o(i.__hardfp_pow) refers to poly.o(i.__kernel_poly) for __kernel_poly
    pow.o(i.__hardfp_pow) refers to dflti.o(.text) for __aeabi_i2d
    pow.o(i.__hardfp_pow) refers to pow.o(.constdata) for .constdata
    pow.o(i.__hardfp_pow) refers to cdrcmple.o(.text) for __aeabi_cdrcmple
    pow.o(i.__hardfp_pow) refers to dscalb.o(.text) for __ARM_scalbn
    pow.o(i.__hardfp_pow) refers to fpclassify.o(i.__ARM_fpclassify) for __ARM_fpclassify
    pow.o(i.__softfp_pow) refers (Special) to iusefp.o(.text) for __I$use$fp
    pow.o(i.__softfp_pow) refers to pow.o(i.__hardfp_pow) for __hardfp_pow
    pow.o(i.pow) refers (Special) to iusefp.o(.text) for __I$use$fp
    pow.o(i.pow) refers to pow.o(i.__hardfp_pow) for __hardfp_pow
    pow.o(.constdata) refers (Special) to iusefp.o(.text) for __I$use$fp
    pow_x.o(i.____hardfp_pow$lsc) refers (Special) to iusefp.o(.text) for __I$use$fp
    pow_x.o(i.____hardfp_pow$lsc) refers to dadd.o(.text) for __aeabi_dadd
    pow_x.o(i.____hardfp_pow$lsc) refers to errno.o(i.__set_errno) for __set_errno
    pow_x.o(i.____hardfp_pow$lsc) refers to ddiv.o(.text) for __aeabi_ddiv
    pow_x.o(i.____hardfp_pow$lsc) refers to sqrt.o(i.sqrt) for sqrt
    pow_x.o(i.____hardfp_pow$lsc) refers to fabs.o(i.fabs) for fabs
    pow_x.o(i.____hardfp_pow$lsc) refers to dflti.o(.text) for __aeabi_i2d
    pow_x.o(i.____hardfp_pow$lsc) refers to dmul.o(.text) for __aeabi_dmul
    pow_x.o(i.____hardfp_pow$lsc) refers to qnan.o(.constdata) for __mathlib_zero
    pow_x.o(i.____hardfp_pow$lsc) refers to poly.o(i.__kernel_poly) for __kernel_poly
    pow_x.o(i.____hardfp_pow$lsc) refers to pow_x.o(.constdata) for .constdata
    pow_x.o(i.____hardfp_pow$lsc) refers to cdrcmple.o(.text) for __aeabi_cdrcmple
    pow_x.o(i.____hardfp_pow$lsc) refers to dscalb.o(.text) for __ARM_scalbn
    pow_x.o(i.____softfp_pow$lsc) refers (Special) to iusefp.o(.text) for __I$use$fp
    pow_x.o(i.____softfp_pow$lsc) refers to pow_x.o(i.____hardfp_pow$lsc) for ____hardfp_pow$lsc
    pow_x.o(i.__pow$lsc) refers (Special) to iusefp.o(.text) for __I$use$fp
    pow_x.o(i.__pow$lsc) refers to pow_x.o(i.____hardfp_pow$lsc) for ____hardfp_pow$lsc
    pow_x.o(.constdata) refers (Special) to iusefp.o(.text) for __I$use$fp
    entry.o(.ARM.Collect$$$$00000000) refers (Special) to entry10a.o(.ARM.Collect$$$$0000000D) for __rt_final_cpp
    entry.o(.ARM.Collect$$$$00000000) refers (Special) to entry11a.o(.ARM.Collect$$$$0000000F) for __rt_final_exit
    entry.o(.ARM.Collect$$$$00000000) refers (Special) to entry7b.o(.ARM.Collect$$$$00000008) for _main_clock
    entry.o(.ARM.Collect$$$$00000000) refers (Special) to entry8b.o(.ARM.Collect$$$$0000000A) for _main_cpp_init
    entry.o(.ARM.Collect$$$$00000000) refers (Special) to entry9a.o(.ARM.Collect$$$$0000000B) for _main_init
    entry.o(.ARM.Collect$$$$00000000) refers (Special) to entry5.o(.ARM.Collect$$$$00000004) for _main_scatterload
    entry.o(.ARM.Collect$$$$00000000) refers (Special) to entry2.o(.ARM.Collect$$$$00000001) for _main_stk
    uldiv.o(.text) refers to llushr.o(.text) for __aeabi_llsr
    uldiv.o(.text) refers to llshl.o(.text) for __aeabi_llsl
    printfb.o(i.__0fprintf$bare) refers to printfb.o(i._printf_core) for _printf_core
    printfb.o(i.__0fprintf$bare) refers to fputc.o(i.fputc) for fputc
    printfb.o(i.__0printf$bare) refers to printfb.o(i._printf_core) for _printf_core
    printfb.o(i.__0printf$bare) refers to fputc.o(i.fputc) for fputc
    printfb.o(i.__0printf$bare) refers to stdout.o(.data) for __stdout
    printfb.o(i.__0snprintf$bare) refers to printfb.o(i._printf_core) for _printf_core
    printfb.o(i.__0snprintf$bare) refers to printfb.o(i._snputc) for _snputc
    printfb.o(i.__0sprintf$bare) refers to printfb.o(i._printf_core) for _printf_core
    printfb.o(i.__0sprintf$bare) refers to printfb.o(i._sputc) for _sputc
    printfb.o(i.__0vfprintf$bare) refers to printfb.o(i._printf_core) for _printf_core
    printfb.o(i.__0vfprintf$bare) refers to fputc.o(i.fputc) for fputc
    printfb.o(i.__0vprintf$bare) refers to printfb.o(i._printf_core) for _printf_core
    printfb.o(i.__0vprintf$bare) refers to fputc.o(i.fputc) for fputc
    printfb.o(i.__0vprintf$bare) refers to stdout.o(.data) for __stdout
    printfb.o(i.__0vsnprintf$bare) refers to printfb.o(i._printf_core) for _printf_core
    printfb.o(i.__0vsnprintf$bare) refers to printfb.o(i._snputc) for _snputc
    printfb.o(i.__0vsprintf$bare) refers to printfb.o(i._printf_core) for _printf_core
    printfb.o(i.__0vsprintf$bare) refers to printfb.o(i._sputc) for _sputc
    printf0.o(i.__0fprintf$0) refers to printf0.o(i._printf_core) for _printf_core
    printf0.o(i.__0fprintf$0) refers to fputc.o(i.fputc) for fputc
    printf0.o(i.__0printf$0) refers to printf0.o(i._printf_core) for _printf_core
    printf0.o(i.__0printf$0) refers to fputc.o(i.fputc) for fputc
    printf0.o(i.__0printf$0) refers to stdout.o(.data) for __stdout
    printf0.o(i.__0snprintf$0) refers to printf0.o(i._printf_core) for _printf_core
    printf0.o(i.__0snprintf$0) refers to printf0.o(i._snputc) for _snputc
    printf0.o(i.__0sprintf$0) refers to printf0.o(i._printf_core) for _printf_core
    printf0.o(i.__0sprintf$0) refers to printf0.o(i._sputc) for _sputc
    printf0.o(i.__0vfprintf$0) refers to printf0.o(i._printf_core) for _printf_core
    printf0.o(i.__0vfprintf$0) refers to fputc.o(i.fputc) for fputc
    printf0.o(i.__0vprintf$0) refers to printf0.o(i._printf_core) for _printf_core
    printf0.o(i.__0vprintf$0) refers to fputc.o(i.fputc) for fputc
    printf0.o(i.__0vprintf$0) refers to stdout.o(.data) for __stdout
    printf0.o(i.__0vsnprintf$0) refers to printf0.o(i._printf_core) for _printf_core
    printf0.o(i.__0vsnprintf$0) refers to printf0.o(i._snputc) for _snputc
    printf0.o(i.__0vsprintf$0) refers to printf0.o(i._printf_core) for _printf_core
    printf0.o(i.__0vsprintf$0) refers to printf0.o(i._sputc) for _sputc
    printf1.o(i.__0fprintf$1) refers to printf1.o(i._printf_core) for _printf_core
    printf1.o(i.__0fprintf$1) refers to fputc.o(i.fputc) for fputc
    printf1.o(i.__0printf$1) refers to printf1.o(i._printf_core) for _printf_core
    printf1.o(i.__0printf$1) refers to fputc.o(i.fputc) for fputc
    printf1.o(i.__0printf$1) refers to stdout.o(.data) for __stdout
    printf1.o(i.__0snprintf$1) refers to printf1.o(i._printf_core) for _printf_core
    printf1.o(i.__0snprintf$1) refers to printf1.o(i._snputc) for _snputc
    printf1.o(i.__0sprintf$1) refers to printf1.o(i._printf_core) for _printf_core
    printf1.o(i.__0sprintf$1) refers to printf1.o(i._sputc) for _sputc
    printf1.o(i.__0vfprintf$1) refers to printf1.o(i._printf_core) for _printf_core
    printf1.o(i.__0vfprintf$1) refers to fputc.o(i.fputc) for fputc
    printf1.o(i.__0vprintf$1) refers to printf1.o(i._printf_core) for _printf_core
    printf1.o(i.__0vprintf$1) refers to fputc.o(i.fputc) for fputc
    printf1.o(i.__0vprintf$1) refers to stdout.o(.data) for __stdout
    printf1.o(i.__0vsnprintf$1) refers to printf1.o(i._printf_core) for _printf_core
    printf1.o(i.__0vsnprintf$1) refers to printf1.o(i._snputc) for _snputc
    printf1.o(i.__0vsprintf$1) refers to printf1.o(i._printf_core) for _printf_core
    printf1.o(i.__0vsprintf$1) refers to printf1.o(i._sputc) for _sputc
    printf1.o(i._printf_core) refers to uidiv.o(.text) for __aeabi_uidivmod
    printf2.o(i.__0fprintf$2) refers to printf2.o(i._printf_core) for _printf_core
    printf2.o(i.__0fprintf$2) refers to fputc.o(i.fputc) for fputc
    printf2.o(i.__0printf$2) refers to printf2.o(i._printf_core) for _printf_core
    printf2.o(i.__0printf$2) refers to fputc.o(i.fputc) for fputc
    printf2.o(i.__0printf$2) refers to stdout.o(.data) for __stdout
    printf2.o(i.__0snprintf$2) refers to printf2.o(i._printf_core) for _printf_core
    printf2.o(i.__0snprintf$2) refers to printf2.o(i._snputc) for _snputc
    printf2.o(i.__0sprintf$2) refers to printf2.o(i._printf_core) for _printf_core
    printf2.o(i.__0sprintf$2) refers to printf2.o(i._sputc) for _sputc
    printf2.o(i.__0vfprintf$2) refers to printf2.o(i._printf_core) for _printf_core
    printf2.o(i.__0vfprintf$2) refers to fputc.o(i.fputc) for fputc
    printf2.o(i.__0vprintf$2) refers to printf2.o(i._printf_core) for _printf_core
    printf2.o(i.__0vprintf$2) refers to fputc.o(i.fputc) for fputc
    printf2.o(i.__0vprintf$2) refers to stdout.o(.data) for __stdout
    printf2.o(i.__0vsnprintf$2) refers to printf2.o(i._printf_core) for _printf_core
    printf2.o(i.__0vsnprintf$2) refers to printf2.o(i._snputc) for _snputc
    printf2.o(i.__0vsprintf$2) refers to printf2.o(i._printf_core) for _printf_core
    printf2.o(i.__0vsprintf$2) refers to printf2.o(i._sputc) for _sputc
    printf3.o(i.__0fprintf$3) refers to printf3.o(i._printf_core) for _printf_core
    printf3.o(i.__0fprintf$3) refers to fputc.o(i.fputc) for fputc
    printf3.o(i.__0printf$3) refers to printf3.o(i._printf_core) for _printf_core
    printf3.o(i.__0printf$3) refers to fputc.o(i.fputc) for fputc
    printf3.o(i.__0printf$3) refers to stdout.o(.data) for __stdout
    printf3.o(i.__0snprintf$3) refers to printf3.o(i._printf_core) for _printf_core
    printf3.o(i.__0snprintf$3) refers to printf3.o(i._snputc) for _snputc
    printf3.o(i.__0sprintf$3) refers to printf3.o(i._printf_core) for _printf_core
    printf3.o(i.__0sprintf$3) refers to printf3.o(i._sputc) for _sputc
    printf3.o(i.__0vfprintf$3) refers to printf3.o(i._printf_core) for _printf_core
    printf3.o(i.__0vfprintf$3) refers to fputc.o(i.fputc) for fputc
    printf3.o(i.__0vprintf$3) refers to printf3.o(i._printf_core) for _printf_core
    printf3.o(i.__0vprintf$3) refers to fputc.o(i.fputc) for fputc
    printf3.o(i.__0vprintf$3) refers to stdout.o(.data) for __stdout
    printf3.o(i.__0vsnprintf$3) refers to printf3.o(i._printf_core) for _printf_core
    printf3.o(i.__0vsnprintf$3) refers to printf3.o(i._snputc) for _snputc
    printf3.o(i.__0vsprintf$3) refers to printf3.o(i._printf_core) for _printf_core
    printf3.o(i.__0vsprintf$3) refers to printf3.o(i._sputc) for _sputc
    printf3.o(i._printf_core) refers to uidiv.o(.text) for __aeabi_uidivmod
    printf4.o(i.__0fprintf$4) refers to printf4.o(i._printf_core) for _printf_core
    printf4.o(i.__0fprintf$4) refers to fputc.o(i.fputc) for fputc
    printf4.o(i.__0printf$4) refers to printf4.o(i._printf_core) for _printf_core
    printf4.o(i.__0printf$4) refers to fputc.o(i.fputc) for fputc
    printf4.o(i.__0printf$4) refers to stdout.o(.data) for __stdout
    printf4.o(i.__0snprintf$4) refers to printf4.o(i._printf_core) for _printf_core
    printf4.o(i.__0snprintf$4) refers to printf4.o(i._snputc) for _snputc
    printf4.o(i.__0sprintf$4) refers to printf4.o(i._printf_core) for _printf_core
    printf4.o(i.__0sprintf$4) refers to printf4.o(i._sputc) for _sputc
    printf4.o(i.__0vfprintf$4) refers to printf4.o(i._printf_core) for _printf_core
    printf4.o(i.__0vfprintf$4) refers to fputc.o(i.fputc) for fputc
    printf4.o(i.__0vprintf$4) refers to printf4.o(i._printf_core) for _printf_core
    printf4.o(i.__0vprintf$4) refers to fputc.o(i.fputc) for fputc
    printf4.o(i.__0vprintf$4) refers to stdout.o(.data) for __stdout
    printf4.o(i.__0vsnprintf$4) refers to printf4.o(i._printf_core) for _printf_core
    printf4.o(i.__0vsnprintf$4) refers to printf4.o(i._snputc) for _snputc
    printf4.o(i.__0vsprintf$4) refers to printf4.o(i._printf_core) for _printf_core
    printf4.o(i.__0vsprintf$4) refers to printf4.o(i._sputc) for _sputc
    printf4.o(i._printf_core) refers to uldiv.o(.text) for __aeabi_uldivmod
    printf5.o(i.__0fprintf$5) refers to printf5.o(i._printf_core) for _printf_core
    printf5.o(i.__0fprintf$5) refers to fputc.o(i.fputc) for fputc
    printf5.o(i.__0printf$5) refers to printf5.o(i._printf_core) for _printf_core
    printf5.o(i.__0printf$5) refers to fputc.o(i.fputc) for fputc
    printf5.o(i.__0printf$5) refers to stdout.o(.data) for __stdout
    printf5.o(i.__0snprintf$5) refers to printf5.o(i._printf_core) for _printf_core
    printf5.o(i.__0snprintf$5) refers to printf5.o(i._snputc) for _snputc
    printf5.o(i.__0sprintf$5) refers to printf5.o(i._printf_core) for _printf_core
    printf5.o(i.__0sprintf$5) refers to printf5.o(i._sputc) for _sputc
    printf5.o(i.__0vfprintf$5) refers to printf5.o(i._printf_core) for _printf_core
    printf5.o(i.__0vfprintf$5) refers to fputc.o(i.fputc) for fputc
    printf5.o(i.__0vprintf$5) refers to printf5.o(i._printf_core) for _printf_core
    printf5.o(i.__0vprintf$5) refers to fputc.o(i.fputc) for fputc
    printf5.o(i.__0vprintf$5) refers to stdout.o(.data) for __stdout
    printf5.o(i.__0vsnprintf$5) refers to printf5.o(i._printf_core) for _printf_core
    printf5.o(i.__0vsnprintf$5) refers to printf5.o(i._snputc) for _snputc
    printf5.o(i.__0vsprintf$5) refers to printf5.o(i._printf_core) for _printf_core
    printf5.o(i.__0vsprintf$5) refers to printf5.o(i._sputc) for _sputc
    printf5.o(i._printf_core) refers to uldiv.o(.text) for __aeabi_uldivmod
    printf6.o(i.__0fprintf$6) refers to printf6.o(i._printf_core) for _printf_core
    printf6.o(i.__0fprintf$6) refers to fputc.o(i.fputc) for fputc
    printf6.o(i.__0printf$6) refers to printf6.o(i._printf_core) for _printf_core
    printf6.o(i.__0printf$6) refers to fputc.o(i.fputc) for fputc
    printf6.o(i.__0printf$6) refers to stdout.o(.data) for __stdout
    printf6.o(i.__0snprintf$6) refers to printf6.o(i._printf_core) for _printf_core
    printf6.o(i.__0snprintf$6) refers to printf6.o(i._snputc) for _snputc
    printf6.o(i.__0sprintf$6) refers to printf6.o(i._printf_core) for _printf_core
    printf6.o(i.__0sprintf$6) refers to printf6.o(i._sputc) for _sputc
    printf6.o(i.__0vfprintf$6) refers to printf6.o(i._printf_core) for _printf_core
    printf6.o(i.__0vfprintf$6) refers to fputc.o(i.fputc) for fputc
    printf6.o(i.__0vprintf$6) refers to printf6.o(i._printf_core) for _printf_core
    printf6.o(i.__0vprintf$6) refers to fputc.o(i.fputc) for fputc
    printf6.o(i.__0vprintf$6) refers to stdout.o(.data) for __stdout
    printf6.o(i.__0vsnprintf$6) refers to printf6.o(i._printf_core) for _printf_core
    printf6.o(i.__0vsnprintf$6) refers to printf6.o(i._snputc) for _snputc
    printf6.o(i.__0vsprintf$6) refers to printf6.o(i._printf_core) for _printf_core
    printf6.o(i.__0vsprintf$6) refers to printf6.o(i._sputc) for _sputc
    printf6.o(i._printf_core) refers to printf6.o(i._printf_pre_padding) for _printf_pre_padding
    printf6.o(i._printf_core) refers to uidiv.o(.text) for __aeabi_uidivmod
    printf6.o(i._printf_core) refers to printf6.o(i._printf_post_padding) for _printf_post_padding
    printf7.o(i.__0fprintf$7) refers to printf7.o(i._printf_core) for _printf_core
    printf7.o(i.__0fprintf$7) refers to fputc.o(i.fputc) for fputc
    printf7.o(i.__0printf$7) refers to printf7.o(i._printf_core) for _printf_core
    printf7.o(i.__0printf$7) refers to fputc.o(i.fputc) for fputc
    printf7.o(i.__0printf$7) refers to stdout.o(.data) for __stdout
    printf7.o(i.__0snprintf$7) refers to printf7.o(i._printf_core) for _printf_core
    printf7.o(i.__0snprintf$7) refers to printf7.o(i._snputc) for _snputc
    printf7.o(i.__0sprintf$7) refers to printf7.o(i._printf_core) for _printf_core
    printf7.o(i.__0sprintf$7) refers to printf7.o(i._sputc) for _sputc
    printf7.o(i.__0vfprintf$7) refers to printf7.o(i._printf_core) for _printf_core
    printf7.o(i.__0vfprintf$7) refers to fputc.o(i.fputc) for fputc
    printf7.o(i.__0vprintf$7) refers to printf7.o(i._printf_core) for _printf_core
    printf7.o(i.__0vprintf$7) refers to fputc.o(i.fputc) for fputc
    printf7.o(i.__0vprintf$7) refers to stdout.o(.data) for __stdout
    printf7.o(i.__0vsnprintf$7) refers to printf7.o(i._printf_core) for _printf_core
    printf7.o(i.__0vsnprintf$7) refers to printf7.o(i._snputc) for _snputc
    printf7.o(i.__0vsprintf$7) refers to printf7.o(i._printf_core) for _printf_core
    printf7.o(i.__0vsprintf$7) refers to printf7.o(i._sputc) for _sputc
    printf7.o(i._printf_core) refers to printf7.o(i._printf_pre_padding) for _printf_pre_padding
    printf7.o(i._printf_core) refers to uldiv.o(.text) for __aeabi_uldivmod
    printf7.o(i._printf_core) refers to printf7.o(i._printf_post_padding) for _printf_post_padding
    printf8.o(i.__0fprintf$8) refers to printf8.o(i._printf_core) for _printf_core
    printf8.o(i.__0fprintf$8) refers to fputc.o(i.fputc) for fputc
    printf8.o(i.__0printf$8) refers to printf8.o(i._printf_core) for _printf_core
    printf8.o(i.__0printf$8) refers to fputc.o(i.fputc) for fputc
    printf8.o(i.__0printf$8) refers to stdout.o(.data) for __stdout
    printf8.o(i.__0snprintf$8) refers to printf8.o(i._printf_core) for _printf_core
    printf8.o(i.__0snprintf$8) refers to printf8.o(i._snputc) for _snputc
    printf8.o(i.__0sprintf$8) refers to printf8.o(i._printf_core) for _printf_core
    printf8.o(i.__0sprintf$8) refers to printf8.o(i._sputc) for _sputc
    printf8.o(i.__0vfprintf$8) refers to printf8.o(i._printf_core) for _printf_core
    printf8.o(i.__0vfprintf$8) refers to fputc.o(i.fputc) for fputc
    printf8.o(i.__0vprintf$8) refers to printf8.o(i._printf_core) for _printf_core
    printf8.o(i.__0vprintf$8) refers to fputc.o(i.fputc) for fputc
    printf8.o(i.__0vprintf$8) refers to stdout.o(.data) for __stdout
    printf8.o(i.__0vsnprintf$8) refers to printf8.o(i._printf_core) for _printf_core
    printf8.o(i.__0vsnprintf$8) refers to printf8.o(i._snputc) for _snputc
    printf8.o(i.__0vsprintf$8) refers to printf8.o(i._printf_core) for _printf_core
    printf8.o(i.__0vsprintf$8) refers to printf8.o(i._sputc) for _sputc
    printf8.o(i._printf_core) refers to printf8.o(i._printf_pre_padding) for _printf_pre_padding
    printf8.o(i._printf_core) refers to uldiv.o(.text) for __aeabi_uldivmod
    printf8.o(i._printf_core) refers to printf8.o(i._printf_post_padding) for _printf_post_padding
    printfa.o(i.__0fprintf) refers (Special) to iusefp.o(.text) for __I$use$fp
    printfa.o(i.__0fprintf) refers to printfa.o(i._printf_core) for _printf_core
    printfa.o(i.__0fprintf) refers to fputc.o(i.fputc) for fputc
    printfa.o(i.__0printf) refers (Special) to iusefp.o(.text) for __I$use$fp
    printfa.o(i.__0printf) refers to printfa.o(i._printf_core) for _printf_core
    printfa.o(i.__0printf) refers to fputc.o(i.fputc) for fputc
    printfa.o(i.__0printf) refers to stdout.o(.data) for __stdout
    printfa.o(i.__0snprintf) refers (Special) to iusefp.o(.text) for __I$use$fp
    printfa.o(i.__0snprintf) refers to printfa.o(i._printf_core) for _printf_core
    printfa.o(i.__0snprintf) refers to printfa.o(i._snputc) for _snputc
    printfa.o(i.__0sprintf) refers (Special) to iusefp.o(.text) for __I$use$fp
    printfa.o(i.__0sprintf) refers to printfa.o(i._printf_core) for _printf_core
    printfa.o(i.__0sprintf) refers to printfa.o(i._sputc) for _sputc
    printfa.o(i.__0vfprintf) refers (Special) to iusefp.o(.text) for __I$use$fp
    printfa.o(i.__0vfprintf) refers to printfa.o(i._printf_core) for _printf_core
    printfa.o(i.__0vfprintf) refers to fputc.o(i.fputc) for fputc
    printfa.o(i.__0vprintf) refers (Special) to iusefp.o(.text) for __I$use$fp
    printfa.o(i.__0vprintf) refers to printfa.o(i._printf_core) for _printf_core
    printfa.o(i.__0vprintf) refers to fputc.o(i.fputc) for fputc
    printfa.o(i.__0vprintf) refers to stdout.o(.data) for __stdout
    printfa.o(i.__0vsnprintf) refers (Special) to iusefp.o(.text) for __I$use$fp
    printfa.o(i.__0vsnprintf) refers to printfa.o(i._printf_core) for _printf_core
    printfa.o(i.__0vsnprintf) refers to printfa.o(i._snputc) for _snputc
    printfa.o(i.__0vsprintf) refers (Special) to iusefp.o(.text) for __I$use$fp
    printfa.o(i.__0vsprintf) refers to printfa.o(i._printf_core) for _printf_core
    printfa.o(i.__0vsprintf) refers to printfa.o(i._sputc) for _sputc
    printfa.o(i._fp_digits) refers (Special) to iusefp.o(.text) for __I$use$fp
    printfa.o(i._fp_digits) refers to dmul.o(.text) for __aeabi_dmul
    printfa.o(i._fp_digits) refers to ddiv.o(.text) for __aeabi_ddiv
    printfa.o(i._fp_digits) refers to cdrcmple.o(.text) for __aeabi_cdrcmple
    printfa.o(i._fp_digits) refers to dadd.o(.text) for __aeabi_dadd
    printfa.o(i._fp_digits) refers to dfixul.o(.text) for __aeabi_d2ulz
    printfa.o(i._fp_digits) refers to uldiv.o(.text) for __aeabi_uldivmod
    printfa.o(i._printf_core) refers (Special) to iusefp.o(.text) for __I$use$fp
    printfa.o(i._printf_core) refers to printfa.o(i._printf_pre_padding) for _printf_pre_padding
    printfa.o(i._printf_core) refers to uldiv.o(.text) for __aeabi_uldivmod
    printfa.o(i._printf_core) refers to printfa.o(i._printf_post_padding) for _printf_post_padding
    printfa.o(i._printf_core) refers to printfa.o(i._fp_digits) for _fp_digits
    printfa.o(i._printf_core) refers to uidiv.o(.text) for __aeabi_uidivmod
    printfa.o(i._printf_post_padding) refers (Special) to iusefp.o(.text) for __I$use$fp
    printfa.o(i._printf_pre_padding) refers (Special) to iusefp.o(.text) for __I$use$fp
    printfa.o(i._snputc) refers (Special) to iusefp.o(.text) for __I$use$fp
    printfa.o(i._sputc) refers (Special) to iusefp.o(.text) for __I$use$fp
    dadd.o(.text) refers (Special) to iusefp.o(.text) for __I$use$fp
    dadd.o(.text) refers to llshl.o(.text) for __aeabi_llsl
    dadd.o(.text) refers to llsshr.o(.text) for __aeabi_lasr
    dadd.o(.text) refers to depilogue.o(.text) for _double_epilogue
    dmul.o(.text) refers (Special) to iusefp.o(.text) for __I$use$fp
    dmul.o(.text) refers to depilogue.o(.text) for _double_epilogue
    ddiv.o(.text) refers (Special) to iusefp.o(.text) for __I$use$fp
    ddiv.o(.text) refers to depilogue.o(.text) for _double_round
    dflti.o(.text) refers (Special) to iusefp.o(.text) for __I$use$fp
    dflti.o(.text) refers to depilogue.o(.text) for _double_epilogue
    dfltul.o(.text) refers (Special) to iusefp.o(.text) for __I$use$fp
    dfltul.o(.text) refers to depilogue.o(.text) for _double_epilogue
    dfixi.o(.text) refers (Special) to iusefp.o(.text) for __I$use$fp
    dfixi.o(.text) refers to llushr.o(.text) for __aeabi_llsr
    dfixul.o(.text) refers (Special) to iusefp.o(.text) for __I$use$fp
    dfixul.o(.text) refers to llushr.o(.text) for __aeabi_llsr
    dfixul.o(.text) refers to llshl.o(.text) for __aeabi_llsl
    cdcmple.o(.text) refers (Special) to iusefp.o(.text) for __I$use$fp
    cdrcmple.o(.text) refers (Special) to iusefp.o(.text) for __I$use$fp
    dunder.o(i.__mathlib_dbl_underflow) refers to dmul.o(.text) for __aeabi_dmul
    fabs.o(i.__hardfp_fabs) refers (Special) to iusefp.o(.text) for __I$use$fp
    fabs.o(i.__softfp_fabs) refers (Special) to iusefp.o(.text) for __I$use$fp
    fabs.o(i.fabs) refers (Special) to iusefp.o(.text) for __I$use$fp
    fpclassify.o(i.__ARM_fpclassify) refers (Special) to iusefp.o(.text) for __I$use$fp
    poly.o(i.__kernel_poly) refers (Special) to iusefp.o(.text) for __I$use$fp
    poly.o(i.__kernel_poly) refers to dmul.o(.text) for __aeabi_dmul
    poly.o(i.__kernel_poly) refers to dadd.o(.text) for __aeabi_dadd
    qnan.o(.constdata) refers (Special) to iusefp.o(.text) for __I$use$fp
    sqrt.o(i.__hardfp_sqrt) refers (Special) to iusefp.o(.text) for __I$use$fp
    sqrt.o(i.__hardfp_sqrt) refers to dsqrt.o(.text) for _dsqrt
    sqrt.o(i.__hardfp_sqrt) refers to errno.o(i.__set_errno) for __set_errno
    sqrt.o(i.__softfp_sqrt) refers (Special) to iusefp.o(.text) for __I$use$fp
    sqrt.o(i.__softfp_sqrt) refers to dsqrt.o(.text) for _dsqrt
    sqrt.o(i.__softfp_sqrt) refers to errno.o(i.__set_errno) for __set_errno
    sqrt.o(i.sqrt) refers (Special) to iusefp.o(.text) for __I$use$fp
    sqrt.o(i.sqrt) refers to dsqrt.o(.text) for _dsqrt
    sqrt.o(i.sqrt) refers to errno.o(i.__set_errno) for __set_errno
    sqrt_x.o(i.____hardfp_sqrt$lsc) refers (Special) to iusefp.o(.text) for __I$use$fp
    sqrt_x.o(i.____hardfp_sqrt$lsc) refers to cdcmple.o(.text) for __aeabi_cdcmple
    sqrt_x.o(i.____hardfp_sqrt$lsc) refers to errno.o(i.__set_errno) for __set_errno
    sqrt_x.o(i.____hardfp_sqrt$lsc) refers to dsqrt.o(.text) for _dsqrt
    sqrt_x.o(i.____softfp_sqrt$lsc) refers (Special) to iusefp.o(.text) for __I$use$fp
    sqrt_x.o(i.____softfp_sqrt$lsc) refers to cdcmple.o(.text) for __aeabi_cdcmple
    sqrt_x.o(i.____softfp_sqrt$lsc) refers to errno.o(i.__set_errno) for __set_errno
    sqrt_x.o(i.____softfp_sqrt$lsc) refers to dsqrt.o(.text) for _dsqrt
    sqrt_x.o(i.__sqrt$lsc) refers (Special) to iusefp.o(.text) for __I$use$fp
    sqrt_x.o(i.__sqrt$lsc) refers to cdcmple.o(.text) for __aeabi_cdcmple
    sqrt_x.o(i.__sqrt$lsc) refers to errno.o(i.__set_errno) for __set_errno
    sqrt_x.o(i.__sqrt$lsc) refers to dsqrt.o(.text) for _dsqrt
    entry2.o(.ARM.Collect$$$$00000001) refers to entry2.o(.ARM.Collect$$$$00002712) for __lit__00000000
    entry2.o(.ARM.Collect$$$$00002712) refers to startup_rvmdk.o(STACK) for __initial_sp
    entry2.o(__vectab_stack_and_reset_area) refers to startup_rvmdk.o(STACK) for __initial_sp
    entry2.o(__vectab_stack_and_reset_area) refers to entry.o(.ARM.Collect$$$$00000000) for __main
    entry5.o(.ARM.Collect$$$$00000004) refers to init.o(.text) for __scatterload
    entry9a.o(.ARM.Collect$$$$0000000B) refers to main.o(i.main) for main
    entry9b.o(.ARM.Collect$$$$0000000C) refers to main.o(i.main) for main
    fputc.o(i.fputc) refers (Special) to iusesemip.o(.text) for __I$use$semihosting$fputc
    fputc.o(i.fputc) refers (Special) to semi.o(.text) for __semihosting_library_function
    errno.o(i.__aeabi_errno_addr) refers to errno.o(.data) for .data
    errno.o(i.__read_errno) refers to errno.o(.data) for .data
    errno.o(i.__set_errno) refers to errno.o(.data) for .data
    depilogue.o(.text) refers to llshl.o(.text) for __aeabi_llsl
    depilogue.o(.text) refers to llushr.o(.text) for __aeabi_llsr
    init.o(.text) refers to entry5.o(.ARM.Collect$$$$00000004) for __main_after_scatterload
    dsqrt.o(.text) refers to llushr.o(.text) for __aeabi_llsr
    dsqrt.o(.text) refers to depilogue.o(.text) for _double_round


==============================================================================

Removing Unused input sections from the image.

    Removing startup_rvmdk.o(HEAP), (0 bytes).
    Removing startup_rvmdk.o(.text), (0 bytes).
    Removing main.o(i.configWatchDog), (114 bytes).
    Removing strfunc.o(i.digit2dec), (18 bytes).
    Removing strfunc.o(i.float2str), (368 bytes).
    Removing strfunc.o(i.mstrcmp), (32 bytes).
    Removing strfunc.o(i.num2str), (344 bytes).
    Removing strfunc.o(i.removeInArray), (38 bytes).
    Removing strfunc.o(i.replaceInArray), (26 bytes).
    Removing strfunc.o(i.string2float), (148 bytes).
    Removing strfunc.o(i.stringAppend), (38 bytes).
    Removing strfunc.o(i.stringncopy), (20 bytes).
    Removing strfunc.o(i.truncate), (72 bytes).
    Removing lcd.o(i.lcd_cls), (16 bytes).
    Removing lcd.o(i.lcd_command), (168 bytes).
    Removing lcd.o(i.lcd_goto), (58 bytes).
    Removing lcd.o(i.lcd_init), (176 bytes).
    Removing lcd.o(i.lcd_putch), (152 bytes).
    Removing lcd.o(i.lcd_puts), (22 bytes).
    Removing scheduler.o(i.SchedulerTaskDisable), (32 bytes).
    Removing scheduler.o(i.SchedulerTaskEnable), (88 bytes).
    Removing scheduler.o(i.SchedulerTickCountGet), (12 bytes).
    Removing ustdlib.o(i.ucmptime), (162 bytes).
    Removing ustdlib.o(i.ulocaltime), (172 bytes).
    Removing ustdlib.o(i.umktime), (84 bytes).
    Removing ustdlib.o(i.urand), (36 bytes).
    Removing ustdlib.o(i.usnprintf), (38 bytes).
    Removing ustdlib.o(i.usprintf), (38 bytes).
    Removing ustdlib.o(i.usrand), (12 bytes).
    Removing ustdlib.o(i.ustrcasecmp), (20 bytes).
    Removing ustdlib.o(i.ustrncasecmp), (94 bytes).
    Removing ustdlib.o(i.ustrncpy), (42 bytes).
    Removing ustdlib.o(i.ustrtof), (512 bytes).
    Removing ustdlib.o(i.ustrtoul), (212 bytes).
    Removing ustdlib.o(i.uvsnprintf), (708 bytes).
    Removing ustdlib.o(.constdata), (76 bytes).
    Removing ustdlib.o(.conststring), (17 bytes).
    Removing ustdlib.o(.data), (4 bytes).
    Removing uartstdio.o(i.UARTgetc), (24 bytes).
    Removing uartstdio.o(i.UARTgets), (156 bytes).
    Removing uartstdio.o(i.UARTprintf), (26 bytes).
    Removing uartstdio.o(i.UARTvprintf), (592 bytes).
    Removing uartstdio.o(i.UARTwrite), (64 bytes).
    Removing adafruitultimategps.o(i.RingBuffer_Clear), (42 bytes).
    Removing adafruitultimategps.o(i.RingBuffer_Print), (88 bytes).
    Removing adafruitultimategps.o(i.RingBuffer_PrintIndex), (44 bytes).
    Removing adafruitultimategps.o(i.RingBuffer_TransBuffer), (36 bytes).
    Removing gpio.o(i.GPIOADCTriggerDisable), (14 bytes).
    Removing gpio.o(i.GPIOADCTriggerEnable), (14 bytes).
    Removing gpio.o(i.GPIODMATriggerDisable), (14 bytes).
    Removing gpio.o(i.GPIODMATriggerEnable), (14 bytes).
    Removing gpio.o(i.GPIODirModeGet), (34 bytes).
    Removing gpio.o(i.GPIOIntRegister), (88 bytes).
    Removing gpio.o(i.GPIOIntStatus), (14 bytes).
    Removing gpio.o(i.GPIOIntTypeGet), (68 bytes).
    Removing gpio.o(i.GPIOIntUnregister), (88 bytes).
    Removing gpio.o(i.GPIOPadConfigGet), (204 bytes).
    Removing gpio.o(i.GPIOPinConfigure), (72 bytes).
    Removing gpio.o(i.GPIOPinRead), (6 bytes).
    Removing gpio.o(i.GPIOPinTypeADC), (28 bytes).
    Removing gpio.o(i.GPIOPinTypeCAN), (28 bytes).
    Removing gpio.o(i.GPIOPinTypeCIR), (28 bytes).
    Removing gpio.o(i.GPIOPinTypeComparator), (28 bytes).
    Removing gpio.o(i.GPIOPinTypeEPI), (28 bytes).
    Removing gpio.o(i.GPIOPinTypeEthernetLED), (28 bytes).
    Removing gpio.o(i.GPIOPinTypeEthernetMII), (28 bytes).
    Removing gpio.o(i.GPIOPinTypeFan), (28 bytes).
    Removing gpio.o(i.GPIOPinTypeGPIOOutputOD), (28 bytes).
    Removing gpio.o(i.GPIOPinTypeI2C), (28 bytes).
    Removing gpio.o(i.GPIOPinTypeI2CSCL), (28 bytes).
    Removing gpio.o(i.GPIOPinTypeKBColumn), (28 bytes).
    Removing gpio.o(i.GPIOPinTypeKBRow), (28 bytes).
    Removing gpio.o(i.GPIOPinTypeLCD), (28 bytes).
    Removing gpio.o(i.GPIOPinTypeLEDSeq), (28 bytes).
    Removing gpio.o(i.GPIOPinTypeLPC), (28 bytes).
    Removing gpio.o(i.GPIOPinTypePECIRx), (28 bytes).
    Removing gpio.o(i.GPIOPinTypePECITx), (28 bytes).
    Removing gpio.o(i.GPIOPinTypePWM), (28 bytes).
    Removing gpio.o(i.GPIOPinTypeQEI), (28 bytes).
    Removing gpio.o(i.GPIOPinTypeSSI), (28 bytes).
    Removing gpio.o(i.GPIOPinTypeTimer), (28 bytes).
    Removing gpio.o(i.GPIOPinTypeUART), (28 bytes).
    Removing gpio.o(i.GPIOPinTypeUSBAnalog), (28 bytes).
    Removing gpio.o(i.GPIOPinTypeUSBDigital), (28 bytes).
    Removing gpio.o(i.GPIOPinTypeWakeHigh), (30 bytes).
    Removing gpio.o(i.GPIOPinTypeWakeLow), (30 bytes).
    Removing gpio.o(i.GPIOPinWakeStatus), (6 bytes).
    Removing gpio.o(.constdata), (528 bytes).
    Removing sysctl.o(.emb_text), (6 bytes).
    Removing sysctl.o(i.SysCtlADCSpeedGet), (16 bytes).
    Removing sysctl.o(i.SysCtlADCSpeedSet), (28 bytes).
    Removing sysctl.o(i.SysCtlAltClkConfig), (12 bytes).
    Removing sysctl.o(i.SysCtlClockFreqSet), (712 bytes).
    Removing sysctl.o(i.SysCtlClockOutConfig), (16 bytes).
    Removing sysctl.o(i.SysCtlClockSet), (284 bytes).
    Removing sysctl.o(i.SysCtlDeepSleep), (32 bytes).
    Removing sysctl.o(i.SysCtlDeepSleepClockConfigSet), (168 bytes).
    Removing sysctl.o(i.SysCtlDeepSleepClockSet), (12 bytes).
    Removing sysctl.o(i.SysCtlDeepSleepPowerSet), (12 bytes).
    Removing sysctl.o(i.SysCtlFlashSectorSizeGet), (56 bytes).
    Removing sysctl.o(i.SysCtlFlashSizeGet), (56 bytes).
    Removing sysctl.o(i.SysCtlGPIOAHBDisable), (28 bytes).
    Removing sysctl.o(i.SysCtlGPIOAHBEnable), (24 bytes).
    Removing sysctl.o(i.SysCtlIntClear), (12 bytes).
    Removing sysctl.o(i.SysCtlIntDisable), (16 bytes).
    Removing sysctl.o(i.SysCtlIntEnable), (16 bytes).
    Removing sysctl.o(i.SysCtlIntRegister), (20 bytes).
    Removing sysctl.o(i.SysCtlIntStatus), (16 bytes).
    Removing sysctl.o(i.SysCtlIntUnregister), (18 bytes).
    Removing sysctl.o(i.SysCtlLDODeepSleepGet), (12 bytes).
    Removing sysctl.o(i.SysCtlLDODeepSleepSet), (12 bytes).
    Removing sysctl.o(i.SysCtlLDOSleepGet), (12 bytes).
    Removing sysctl.o(i.SysCtlLDOSleepSet), (12 bytes).
    Removing sysctl.o(i.SysCtlMOSCConfigSet), (12 bytes).
    Removing sysctl.o(i.SysCtlNMIClear), (16 bytes).
    Removing sysctl.o(i.SysCtlNMIStatus), (12 bytes).
    Removing sysctl.o(i.SysCtlPIOSCCalibrate), (76 bytes).
    Removing sysctl.o(i.SysCtlPWMClockGet), (24 bytes).
    Removing sysctl.o(i.SysCtlPWMClockSet), (20 bytes).
    Removing sysctl.o(i.SysCtlPeripheralClockGating), (68 bytes).
    Removing sysctl.o(i.SysCtlPeripheralDeepSleepDisable), (40 bytes).
    Removing sysctl.o(i.SysCtlPeripheralDeepSleepEnable), (40 bytes).
    Removing sysctl.o(i.SysCtlPeripheralDisable), (40 bytes).
    Removing sysctl.o(i.SysCtlPeripheralEnable), (40 bytes).
    Removing sysctl.o(i.SysCtlPeripheralPowerOff), (40 bytes).
    Removing sysctl.o(i.SysCtlPeripheralPowerOn), (40 bytes).
    Removing sysctl.o(i.SysCtlPeripheralPresent), (44 bytes).
    Removing sysctl.o(i.SysCtlPeripheralReady), (44 bytes).
    Removing sysctl.o(i.SysCtlPeripheralReset), (60 bytes).
    Removing sysctl.o(i.SysCtlPeripheralSleepDisable), (40 bytes).
    Removing sysctl.o(i.SysCtlPeripheralSleepEnable), (40 bytes).
    Removing sysctl.o(i.SysCtlReset), (16 bytes).
    Removing sysctl.o(i.SysCtlResetBehaviorGet), (12 bytes).
    Removing sysctl.o(i.SysCtlResetBehaviorSet), (12 bytes).
    Removing sysctl.o(i.SysCtlResetCauseClear), (16 bytes).
    Removing sysctl.o(i.SysCtlResetCauseGet), (12 bytes).
    Removing sysctl.o(i.SysCtlSRAMSizeGet), (16 bytes).
    Removing sysctl.o(i.SysCtlSleep), (4 bytes).
    Removing sysctl.o(i.SysCtlSleepPowerSet), (12 bytes).
    Removing sysctl.o(i.SysCtlUSBPLLDisable), (16 bytes).
    Removing sysctl.o(i.SysCtlUSBPLLEnable), (16 bytes).
    Removing sysctl.o(i.SysCtlVoltageEventClear), (16 bytes).
    Removing sysctl.o(i.SysCtlVoltageEventConfig), (12 bytes).
    Removing sysctl.o(i.SysCtlVoltageEventStatus), (12 bytes).
    Removing systick.o(i.SysTickDisable), (14 bytes).
    Removing systick.o(i.SysTickIntDisable), (14 bytes).
    Removing systick.o(i.SysTickIntRegister), (24 bytes).
    Removing systick.o(i.SysTickIntUnregister), (18 bytes).
    Removing systick.o(i.SysTickPeriodGet), (10 bytes).
    Removing systick.o(i.SysTickValueGet), (8 bytes).
    Removing timer.o(i.TimerADCEventGet), (4 bytes).
    Removing timer.o(i.TimerADCEventSet), (4 bytes).
    Removing timer.o(i.TimerClockSourceGet), (6 bytes).
    Removing timer.o(i.TimerConfigure), (96 bytes).
    Removing timer.o(i.TimerControlEvent), (18 bytes).
    Removing timer.o(i.TimerControlLevel), (22 bytes).
    Removing timer.o(i.TimerControlStall), (22 bytes).
    Removing timer.o(i.TimerControlTrigger), (76 bytes).
    Removing timer.o(i.TimerControlWaitOnTrigger), (48 bytes).
    Removing timer.o(i.TimerDMAEventGet), (4 bytes).
    Removing timer.o(i.TimerDMAEventSet), (4 bytes).
    Removing timer.o(i.TimerDisable), (16 bytes).
    Removing timer.o(i.TimerEnable), (14 bytes).
    Removing timer.o(i.TimerIntClear), (4 bytes).
    Removing timer.o(i.TimerIntDisable), (10 bytes).
    Removing timer.o(i.TimerIntEnable), (8 bytes).
    Removing timer.o(i.TimerIntRegister), (104 bytes).
    Removing timer.o(i.TimerIntStatus), (10 bytes).
    Removing timer.o(i.TimerIntUnregister), (104 bytes).
    Removing timer.o(i.TimerLoadGet), (10 bytes).
    Removing timer.o(i.TimerLoadGet64), (14 bytes).
    Removing timer.o(i.TimerMatchGet), (10 bytes).
    Removing timer.o(i.TimerMatchGet64), (14 bytes).
    Removing timer.o(i.TimerMatchSet), (18 bytes).
    Removing timer.o(i.TimerMatchSet64), (6 bytes).
    Removing timer.o(i.TimerPrescaleGet), (10 bytes).
    Removing timer.o(i.TimerPrescaleMatchGet), (10 bytes).
    Removing timer.o(i.TimerPrescaleMatchSet), (18 bytes).
    Removing timer.o(i.TimerPrescaleSet), (18 bytes).
    Removing timer.o(i.TimerRTCDisable), (10 bytes).
    Removing timer.o(i.TimerRTCEnable), (10 bytes).
    Removing timer.o(i.TimerSynchronize), (4 bytes).
    Removing timer.o(i.TimerValueGet), (10 bytes).
    Removing timer.o(i.TimerValueGet64), (14 bytes).
    Removing timer.o(.constdata), (160 bytes).
    Removing uart.o(i.UART9BitAddrSend), (38 bytes).
    Removing uart.o(i.UART9BitAddrSet), (10 bytes).
    Removing uart.o(i.UART9BitDisable), (14 bytes).
    Removing uart.o(i.UART9BitEnable), (14 bytes).
    Removing uart.o(i.UARTBreakCtl), (18 bytes).
    Removing uart.o(i.UARTBusy), (8 bytes).
    Removing uart.o(i.UARTCharGet), (12 bytes).
    Removing uart.o(i.UARTCharGetNonBlocking), (16 bytes).
    Removing uart.o(i.UARTCharPut), (12 bytes).
    Removing uart.o(i.UARTCharPutNonBlocking), (16 bytes).
    Removing uart.o(i.UARTCharsAvail), (10 bytes).
    Removing uart.o(i.UARTClockSourceGet), (6 bytes).
    Removing uart.o(i.UARTClockSourceSet), (6 bytes).
    Removing uart.o(i.UARTConfigGetExpClk), (46 bytes).
    Removing uart.o(i.UARTConfigSetExpClk), (110 bytes).
    Removing uart.o(i.UARTDMADisable), (10 bytes).
    Removing uart.o(i.UARTDMAEnable), (8 bytes).
    Removing uart.o(i.UARTDisable), (30 bytes).
    Removing uart.o(i.UARTDisableSIR), (10 bytes).
    Removing uart.o(i.UARTEnable), (20 bytes).
    Removing uart.o(i.UARTEnableSIR), (18 bytes).
    Removing uart.o(i.UARTFIFODisable), (10 bytes).
    Removing uart.o(i.UARTFIFOLevelGet), (16 bytes).
    Removing uart.o(i.UARTFlowControlGet), (8 bytes).
    Removing uart.o(i.UARTFlowControlSet), (12 bytes).
    Removing uart.o(i.UARTIntClear), (4 bytes).
    Removing uart.o(i.UARTIntDisable), (10 bytes).
    Removing uart.o(i.UARTIntEnable), (8 bytes).
    Removing uart.o(i.UARTIntRegister), (88 bytes).
    Removing uart.o(i.UARTIntStatus), (10 bytes).
    Removing uart.o(i.UARTIntUnregister), (88 bytes).
    Removing uart.o(i.UARTModemControlClear), (14 bytes).
    Removing uart.o(i.UARTModemControlGet), (8 bytes).
    Removing uart.o(i.UARTModemControlSet), (12 bytes).
    Removing uart.o(i.UARTModemStatusGet), (10 bytes).
    Removing uart.o(i.UARTParityModeGet), (8 bytes).
    Removing uart.o(i.UARTParityModeSet), (12 bytes).
    Removing uart.o(i.UARTRxErrorClear), (6 bytes).
    Removing uart.o(i.UARTRxErrorGet), (8 bytes).
    Removing uart.o(i.UARTSmartCardDisable), (10 bytes).
    Removing uart.o(i.UARTSmartCardEnable), (22 bytes).
    Removing uart.o(i.UARTSpaceAvail), (10 bytes).
    Removing uart.o(i.UARTTxIntModeGet), (8 bytes).
    Removing uart.o(i.UARTTxIntModeSet), (12 bytes).
    Removing uart.o(.constdata), (128 bytes).
    Removing cpu.o(.emb_text), (38 bytes).
    Removing interrupt.o(i.IntDisable), (100 bytes).
    Removing interrupt.o(i.IntEnable), (100 bytes).
    Removing interrupt.o(i.IntIsEnabled), (96 bytes).
    Removing interrupt.o(i.IntMasterDisable), (14 bytes).
    Removing interrupt.o(i.IntMasterEnable), (14 bytes).
    Removing interrupt.o(i.IntPendClear), (68 bytes).
    Removing interrupt.o(i.IntPendSet), (84 bytes).
    Removing interrupt.o(i.IntPriorityGet), (28 bytes).
    Removing interrupt.o(i.IntPriorityGroupingGet), (36 bytes).
    Removing interrupt.o(i.IntPriorityGroupingSet), (28 bytes).
    Removing interrupt.o(i.IntPriorityMaskGet), (4 bytes).
    Removing interrupt.o(i.IntPriorityMaskSet), (4 bytes).
    Removing interrupt.o(i.IntPrioritySet), (40 bytes).
    Removing interrupt.o(i.IntRegister), (52 bytes).
    Removing interrupt.o(i.IntTrigger), (12 bytes).
    Removing interrupt.o(i.IntUnregister), (20 bytes).
    Removing interrupt.o(i._IntDefaultHandler), (2 bytes).
    Removing interrupt.o(.constdata), (268 bytes).
    Removing interrupt.o(vtable), (620 bytes).
    Removing dadd.o(.text), (334 bytes).
    Removing dmul.o(.text), (228 bytes).
    Removing ddiv.o(.text), (222 bytes).
    Removing dflti.o(.text), (34 bytes).
    Removing dfltul.o(.text), (24 bytes).
    Removing dfixi.o(.text), (62 bytes).
    Removing dfixul.o(.text), (48 bytes).
    Removing cdcmple.o(.text), (40 bytes).
    Removing cdrcmple.o(.text), (40 bytes).
    Removing depilogue.o(.text), (190 bytes).
    Removing dneg.o(.text), (6 bytes).
    Removing dscalb.o(.text), (46 bytes).
    Removing dsqrt.o(.text), (162 bytes).

263 unused section(s) (total 14657 bytes) removed from the image.

==============================================================================

Image Symbol Table

    Local Symbols

    Symbol Name                              Value     Ov Type        Size  Object(Section)

    RESET                                    0x00000000   Section      648  startup_rvmdk.o(RESET)
    ../clib/microlib/division.c              0x00000000   Number         0  uldiv.o ABSOLUTE
    ../clib/microlib/division.c              0x00000000   Number         0  uidiv.o ABSOLUTE
    ../clib/microlib/errno.c                 0x00000000   Number         0  errno.o ABSOLUTE
    ../clib/microlib/init/entry.s            0x00000000   Number         0  entry10a.o ABSOLUTE
    ../clib/microlib/init/entry.s            0x00000000   Number         0  entry8b.o ABSOLUTE
    ../clib/microlib/init/entry.s            0x00000000   Number         0  entry.o ABSOLUTE
    ../clib/microlib/init/entry.s            0x00000000   Number         0  entry9a.o ABSOLUTE
    ../clib/microlib/init/entry.s            0x00000000   Number         0  entry11a.o ABSOLUTE
    ../clib/microlib/init/entry.s            0x00000000   Number         0  entry2.o ABSOLUTE
    ../clib/microlib/init/entry.s            0x00000000   Number         0  entry5.o ABSOLUTE
    ../clib/microlib/init/entry.s            0x00000000   Number         0  entry9b.o ABSOLUTE
    ../clib/microlib/init/entry.s            0x00000000   Number         0  entry7a.o ABSOLUTE
    ../clib/microlib/init/entry.s            0x00000000   Number         0  entry7b.o ABSOLUTE
    ../clib/microlib/init/entry.s            0x00000000   Number         0  entry8a.o ABSOLUTE
    ../clib/microlib/init/entry.s            0x00000000   Number         0  entry11b.o ABSOLUTE
    ../clib/microlib/init/entry.s            0x00000000   Number         0  entry10b.o ABSOLUTE
    ../clib/microlib/longlong.c              0x00000000   Number         0  llsshr.o ABSOLUTE
    ../clib/microlib/longlong.c              0x00000000   Number         0  llushr.o ABSOLUTE
    ../clib/microlib/longlong.c              0x00000000   Number         0  llshl.o ABSOLUTE
    ../clib/microlib/printf/printf.c         0x00000000   Number         0  printf8.o ABSOLUTE
    ../clib/microlib/printf/printf.c         0x00000000   Number         0  printf7.o ABSOLUTE
    ../clib/microlib/printf/printf.c         0x00000000   Number         0  printf6.o ABSOLUTE
    ../clib/microlib/printf/printf.c         0x00000000   Number         0  printf5.o ABSOLUTE
    ../clib/microlib/printf/printf.c         0x00000000   Number         0  printf4.o ABSOLUTE
    ../clib/microlib/printf/printf.c         0x00000000   Number         0  printf3.o ABSOLUTE
    ../clib/microlib/printf/printf.c         0x00000000   Number         0  printf2.o ABSOLUTE
    ../clib/microlib/printf/printf.c         0x00000000   Number         0  printf1.o ABSOLUTE
    ../clib/microlib/printf/printf.c         0x00000000   Number         0  printf0.o ABSOLUTE
    ../clib/microlib/printf/printf.c         0x00000000   Number         0  printfb.o ABSOLUTE
    ../clib/microlib/printf/printf.c         0x00000000   Number         0  printfa.o ABSOLUTE
    ../clib/microlib/printf/stubs.s          0x00000000   Number         0  stubs.o ABSOLUTE
    ../clib/microlib/stdio/fputc.c           0x00000000   Number         0  fputc.o ABSOLUTE
    ../clib/microlib/stdio/semi.s            0x00000000   Number         0  semi.o ABSOLUTE
    ../clib/microlib/stdio/streams.c         0x00000000   Number         0  stdout.o ABSOLUTE
    ../clib/microlib/stubs.s                 0x00000000   Number         0  iusefp.o ABSOLUTE
    ../clib/microlib/stubs.s                 0x00000000   Number         0  iusesemip.o ABSOLUTE
    ../fplib/microlib/fpadd.c                0x00000000   Number         0  dadd.o ABSOLUTE
    ../fplib/microlib/fpdiv.c                0x00000000   Number         0  ddiv.o ABSOLUTE
    ../fplib/microlib/fpepilogue.c           0x00000000   Number         0  depilogue.o ABSOLUTE
    ../fplib/microlib/fpfix.c                0x00000000   Number         0  dfixi.o ABSOLUTE
    ../fplib/microlib/fpfix.c                0x00000000   Number         0  dfixul.o ABSOLUTE
    ../fplib/microlib/fpflt.c                0x00000000   Number         0  dflti.o ABSOLUTE
    ../fplib/microlib/fpflt.c                0x00000000   Number         0  dfltul.o ABSOLUTE
    ../fplib/microlib/fpmul.c                0x00000000   Number         0  dmul.o ABSOLUTE
    ../fplib/microlib/fpneg.c                0x00000000   Number         0  dneg.o ABSOLUTE
    ../fplib/microlib/fpscalb.c              0x00000000   Number         0  dscalb.o ABSOLUTE
    ../fplib/microlib/fpsqrt.c               0x00000000   Number         0  dsqrt.o ABSOLUTE
    ../mathlib/ceil.c                        0x00000000   Number         0  ceil.o ABSOLUTE
    ../mathlib/dunder.c                      0x00000000   Number         0  dunder.o ABSOLUTE
    ../mathlib/fabs.c                        0x00000000   Number         0  fabs.o ABSOLUTE
    ../mathlib/floor.c                       0x00000000   Number         0  floor.o ABSOLUTE
    ../mathlib/fpclassify.c                  0x00000000   Number         0  fpclassify.o ABSOLUTE
    ../mathlib/poly.c                        0x00000000   Number         0  poly.o ABSOLUTE
    ../mathlib/pow.c                         0x00000000   Number         0  pow_x.o ABSOLUTE
    ../mathlib/pow.c                         0x00000000   Number         0  pow.o ABSOLUTE
    ../mathlib/qnan.c                        0x00000000   Number         0  qnan.o ABSOLUTE
    ../mathlib/sqrt.c                        0x00000000   Number         0  sqrt_x.o ABSOLUTE
    ../mathlib/sqrt.c                        0x00000000   Number         0  sqrt.o ABSOLUTE
    ..\..\..\..\utils\uartstdio.c            0x00000000   Number         0  uartstdio.o ABSOLUTE
    ..\..\..\..\utils\ustdlib.c              0x00000000   Number         0  ustdlib.o ABSOLUTE
    SysTick.c                                0x00000000   Number         0  systick.o ABSOLUTE
    adafruitUltimateGPS.c                    0x00000000   Number         0  adafruitultimategps.o ABSOLUTE
    cdcmple.s                                0x00000000   Number         0  cdcmple.o ABSOLUTE
    cdrcmple.s                               0x00000000   Number         0  cdrcmple.o ABSOLUTE
    cpu.c                                    0x00000000   Number         0  cpu.o ABSOLUTE
    cpu.c                                    0x00000000   Number         0  cpu.o ABSOLUTE
    dc.s                                     0x00000000   Number         0  dc.o ABSOLUTE
    gpio.c                                   0x00000000   Number         0  gpio.o ABSOLUTE
    handlers.s                               0x00000000   Number         0  handlers.o ABSOLUTE
    init.s                                   0x00000000   Number         0  init.o ABSOLUTE
    interrupt.c                              0x00000000   Number         0  interrupt.o ABSOLUTE
    lcd.c                                    0x00000000   Number         0  lcd.o ABSOLUTE
    main.c                                   0x00000000   Number         0  main.o ABSOLUTE
    scheduler.c                              0x00000000   Number         0  scheduler.o ABSOLUTE
    startup_rvmdk.S                          0x00000000   Number         0  startup_rvmdk.o ABSOLUTE
    strfunc.c                                0x00000000   Number         0  strfunc.o ABSOLUTE
    sysctl.c                                 0x00000000   Number         0  sysctl.o ABSOLUTE
    sysctl.c                                 0x00000000   Number         0  sysctl.o ABSOLUTE
    systick.c                                0x00000000   Number         0  systick.o ABSOLUTE
    timer.c                                  0x00000000   Number         0  timer.o ABSOLUTE
    uart.c                                   0x00000000   Number         0  uart.o ABSOLUTE
    uartConfiguration.c                      0x00000000   Number         0  uartconfiguration.o ABSOLUTE
    $v0                                      0x0000026c   Number         0  startup_rvmdk.o(RESET)
    NmiSR                                    0x00000281   Thumb Code     0  startup_rvmdk.o(RESET)
    FaultISR                                 0x00000283   Thumb Code     0  startup_rvmdk.o(RESET)
    IntDefaultHandler                        0x00000285   Thumb Code     0  startup_rvmdk.o(RESET)
    .ARM.Collect$$$$00000000                 0x00000288   Section        0  entry.o(.ARM.Collect$$$$00000000)
    .ARM.Collect$$$$00000001                 0x00000288   Section        4  entry2.o(.ARM.Collect$$$$00000001)
    .ARM.Collect$$$$00000004                 0x0000028c   Section        4  entry5.o(.ARM.Collect$$$$00000004)
    .ARM.Collect$$$$00000008                 0x00000290   Section        0  entry7b.o(.ARM.Collect$$$$00000008)
    .ARM.Collect$$$$0000000A                 0x00000290   Section        0  entry8b.o(.ARM.Collect$$$$0000000A)
    .ARM.Collect$$$$0000000B                 0x00000290   Section        8  entry9a.o(.ARM.Collect$$$$0000000B)
    .ARM.Collect$$$$0000000D                 0x00000298   Section        0  entry10a.o(.ARM.Collect$$$$0000000D)
    .ARM.Collect$$$$0000000F                 0x00000298   Section        0  entry11a.o(.ARM.Collect$$$$0000000F)
    .ARM.Collect$$$$00002712                 0x00000298   Section        4  entry2.o(.ARM.Collect$$$$00002712)
    __lit__00000000                          0x00000298   Data           4  entry2.o(.ARM.Collect$$$$00002712)
    .text                                    0x0000029c   Section       36  init.o(.text)
    i.GPIODirModeSet                         0x000002c0   Section        0  gpio.o(i.GPIODirModeSet)
    i.GPIOIntClear                           0x000002e8   Section        0  gpio.o(i.GPIOIntClear)
    i.GPIOIntDisable                         0x000002ee   Section        0  gpio.o(i.GPIOIntDisable)
    i.GPIOIntEnable                          0x000002fc   Section        0  gpio.o(i.GPIOIntEnable)
    i.GPIOIntTypeSet                         0x0000030a   Section        0  gpio.o(i.GPIOIntTypeSet)
    i.GPIOPadConfigSet                       0x0000035a   Section        0  gpio.o(i.GPIOPadConfigSet)
    i.GPIOPinTypeGPIOInput                   0x00000498   Section        0  gpio.o(i.GPIOPinTypeGPIOInput)
    i.GPIOPinTypeGPIOOutput                  0x000004b4   Section        0  gpio.o(i.GPIOPinTypeGPIOOutput)
    i.GPIOPinWrite                           0x000004d0   Section        0  gpio.o(i.GPIOPinWrite)
    i.GPSGetData                             0x000004d8   Section        0  adafruitultimategps.o(i.GPSGetData)
    i.GPSIntHandler                          0x00000658   Section        0  adafruitultimategps.o(i.GPSIntHandler)
    i.PPSGPIOInterrupt                       0x000006b8   Section        0  main.o(i.PPSGPIOInterrupt)
    i.PPSHighTimerInterrupt                  0x00000730   Section        0  main.o(i.PPSHighTimerInterrupt)
    i.PPSLowTimerInterrupt                   0x000007ac   Section        0  main.o(i.PPSLowTimerInterrupt)
    i.PiStatusTimerInterrupt                 0x000007f4   Section        0  main.o(i.PiStatusTimerInterrupt)
    i.RingBuffer_Init                        0x0000082c   Section        0  adafruitultimategps.o(i.RingBuffer_Init)
    i.RingBuffer_PopChar                     0x0000084e   Section        0  adafruitultimategps.o(i.RingBuffer_PopChar)
    i.RingBuffer_Push                        0x00000870   Section        0  adafruitultimategps.o(i.RingBuffer_Push)
    i.SchedulerElapsedTicksCalc              0x000008b2   Section        0  scheduler.o(i.SchedulerElapsedTicksCalc)
    i.SchedulerElapsedTicksGet               0x000008c8   Section        0  scheduler.o(i.SchedulerElapsedTicksGet)
    i.SchedulerInit                          0x000008dc   Section        0  scheduler.o(i.SchedulerInit)
    i.SchedulerRun                           0x000008f8   Section        0  scheduler.o(i.SchedulerRun)
    i.SchedulerSysTickIntHandler             0x0000093c   Section        0  scheduler.o(i.SchedulerSysTickIntHandler)
    i.SysCtlClockGet                         0x00000954   Section        0  sysctl.o(i.SysCtlClockGet)
    i.SysTickEnable                          0x00000a60   Section        0  systick.o(i.SysTickEnable)
    i.SysTickIntEnable                       0x00000a6e   Section        0  systick.o(i.SysTickIntEnable)
    i.SysTickPeriodSet                       0x00000a7c   Section        0  systick.o(i.SysTickPeriodSet)
    i.SysTick_Init                           0x00000a86   Section        0  systick.o(i.SysTick_Init)
    i.SysTick_Wait                           0x00000a9e   Section        0  systick.o(i.SysTick_Wait)
    i.SysTick_delay_ms                       0x00000ac0   Section        0  systick.o(i.SysTick_delay_ms)
    i.SysTick_delay_us                       0x00000adc   Section        0  systick.o(i.SysTick_delay_us)
    i.TimerClockSourceSet                    0x00000af2   Section        0  timer.o(i.TimerClockSourceSet)
    i.TimerLoadSet                           0x00000af8   Section        0  timer.o(i.TimerLoadSet)
    i.TimerLoadSet64                         0x00000b0a   Section        0  timer.o(i.TimerLoadSet64)
    i.UART0IntHandler                        0x00000b10   Section        0  uartconfiguration.o(i.UART0IntHandler)
    i.UARTFIFOEnable                         0x00000bb4   Section        0  uart.o(i.UARTFIFOEnable)
    i.UARTFIFOLevelSet                       0x00000bbe   Section        0  uart.o(i.UARTFIFOLevelSet)
    i.UARTSend                               0x00000bc4   Section        0  uartconfiguration.o(i.UARTSend)
    i.UARTStdioConfig                        0x00000be8   Section        0  uartstdio.o(i.UARTStdioConfig)
    i.WatchdogIntHandler                     0x00000c54   Section        0  main.o(i.WatchdogIntHandler)
    i.__scatterload_copy                     0x00000c6c   Section       14  handlers.o(i.__scatterload_copy)
    i.__scatterload_null                     0x00000c7a   Section        2  handlers.o(i.__scatterload_null)
    i.__scatterload_zeroinit                 0x00000c7c   Section       14  handlers.o(i.__scatterload_zeroinit)
    i.configPPSGPIO                          0x00000c8c   Section        0  main.o(i.configPPSGPIO)
    i.configPPSTimer                         0x00000cd8   Section        0  main.o(i.configPPSTimer)
    i.configPiStatusGPIO                     0x00000de8   Section        0  main.o(i.configPiStatusGPIO)
    i.configPiStatusTimer                    0x00000e4c   Section        0  main.o(i.configPiStatusTimer)
    i.configUART                             0x00000ee4   Section        0  uartconfiguration.o(i.configUART)
    i.initGPS                                0x00000f88   Section        0  adafruitultimategps.o(i.initGPS)
    i.isGPSDataUpdated                       0x00001040   Section        0  adafruitultimategps.o(i.isGPSDataUpdated)
    i.isGPSSentenceComplete                  0x0000104c   Section        0  adafruitultimategps.o(i.isGPSSentenceComplete)
    i.main                                   0x00001058   Section        0  main.o(i.main)
    i.piCurrStateBlink                       0x00001148   Section        0  main.o(i.piCurrStateBlink)
    i.piStatusGPIOInterrupt                  0x00001178   Section        0  main.o(i.piStatusGPIOInterrupt)
    i.responseRead                           0x000011f0   Section        0  uartconfiguration.o(i.responseRead)
    i.stringLength                           0x00001220   Section        0  strfunc.o(i.stringLength)
    i.syncWithGPSPPS                         0x00001230   Section        0  main.o(i.syncWithGPSPPS)
    i.ustrcmp                                0x000012ac   Section        0  ustdlib.o(i.ustrcmp)
    i.ustrlen                                0x000012c0   Section        0  ustdlib.o(i.ustrlen)
    i.ustrncmp                               0x000012d0   Section        0  ustdlib.o(i.ustrncmp)
    i.ustrstr                                0x0000130a   Section        0  ustdlib.o(i.ustrstr)
    .constdata                               0x00001338   Section       28  uartstdio.o(.constdata)
    g_pcHex                                  0x00001338   Data           4  uartstdio.o(.constdata)
    g_ui32UARTBase                           0x0000133c   Data          12  uartstdio.o(.constdata)
    g_ui32UARTPeriph                         0x00001348   Data          12  uartstdio.o(.constdata)
    .constdata                               0x00001354   Section        4  adafruitultimategps.o(.constdata)
    .constdata                               0x00001358   Section      460  sysctl.o(.constdata)
    g_pui32VCOFrequencies                    0x00001358   Data           8  sysctl.o(.constdata)
    g_pui32Xtals                             0x00001360   Data         108  sysctl.o(.constdata)
    g_pppui32XTALtoVCO                       0x000013cc   Data         288  sysctl.o(.constdata)
    g_sXTALtoMEMTIM                          0x000014ec   Data          56  sysctl.o(.constdata)
    .conststring                             0x00001524   Section       17  uartstdio.o(.conststring)
    .data                                    0x20000000   Section       44  main.o(.data)
    .data                                    0x2000002c   Section       10  uartconfiguration.o(.data)
    .data                                    0x20000038   Section        4  scheduler.o(.data)
    g_ui32SchedulerTickCount                 0x20000038   Data           4  scheduler.o(.data)
    .data                                    0x2000003c   Section        5  uartstdio.o(.data)
    g_ui32Base                               0x2000003c   Data           4  uartstdio.o(.data)
    bLastWasCR                               0x20000040   Data           1  uartstdio.o(.data)
    .data                                    0x20000044   Section       16  adafruitultimategps.o(.data)
    .bss                                     0x20000054   Section      256  uartconfiguration.o(.bss)
    .bss                                     0x20000154   Section      791  adafruitultimategps.o(.bss)
    STACK                                    0x20000470   Section     8192  startup_rvmdk.o(STACK)
    StackMem                                 0x20000470   Data           0  startup_rvmdk.o(STACK)

    Global Symbols

    Symbol Name                              Value     Ov Type        Size  Object(Section)

    BuildAttributes$$THM_ISAv4$E$P$D$K$B$S$7EM$VFPi3$EXTD16$VFPS$VFMA$PE$A:L22UL41UL21$X:L11$S22US41US21$IEEE1$IW$USESV6$~STKCKD$USESV7$~SHL$OTIME$ROPI$IEEEX$EBA8$MICROLIB$REQ8$PRES8$EABIv2 0x00000000   Number         0  anon$$obj.o ABSOLUTE
    __ARM_use_no_argv                        0x00000000   Number         0  main.o ABSOLUTE
    __Vectors                                0x00000000   Data           0  startup_rvmdk.o(RESET)
    _printf_a                                0x00000000   Number         0  stubs.o ABSOLUTE
    _printf_c                                0x00000000   Number         0  stubs.o ABSOLUTE
    _printf_charcount                        0x00000000   Number         0  stubs.o ABSOLUTE
    _printf_d                                0x00000000   Number         0  stubs.o ABSOLUTE
    _printf_e                                0x00000000   Number         0  stubs.o ABSOLUTE
    _printf_f                                0x00000000   Number         0  stubs.o ABSOLUTE
    _printf_flags                            0x00000000   Number         0  stubs.o ABSOLUTE
    _printf_fp_dec                           0x00000000   Number         0  stubs.o ABSOLUTE
    _printf_fp_hex                           0x00000000   Number         0  stubs.o ABSOLUTE
    _printf_g                                0x00000000   Number         0  stubs.o ABSOLUTE
    _printf_i                                0x00000000   Number         0  stubs.o ABSOLUTE
    _printf_int_dec                          0x00000000   Number         0  stubs.o ABSOLUTE
    _printf_l                                0x00000000   Number         0  stubs.o ABSOLUTE
    _printf_lc                               0x00000000   Number         0  stubs.o ABSOLUTE
    _printf_ll                               0x00000000   Number         0  stubs.o ABSOLUTE
    _printf_lld                              0x00000000   Number         0  stubs.o ABSOLUTE
    _printf_lli                              0x00000000   Number         0  stubs.o ABSOLUTE
    _printf_llo                              0x00000000   Number         0  stubs.o ABSOLUTE
    _printf_llu                              0x00000000   Number         0  stubs.o ABSOLUTE
    _printf_llx                              0x00000000   Number         0  stubs.o ABSOLUTE
    _printf_longlong_dec                     0x00000000   Number         0  stubs.o ABSOLUTE
    _printf_longlong_hex                     0x00000000   Number         0  stubs.o ABSOLUTE
    _printf_longlong_oct                     0x00000000   Number         0  stubs.o ABSOLUTE
    _printf_ls                               0x00000000   Number         0  stubs.o ABSOLUTE
    _printf_mbtowc                           0x00000000   Number         0  stubs.o ABSOLUTE
    _printf_n                                0x00000000   Number         0  stubs.o ABSOLUTE
    _printf_o                                0x00000000   Number         0  stubs.o ABSOLUTE
    _printf_p                                0x00000000   Number         0  stubs.o ABSOLUTE
    _printf_percent                          0x00000000   Number         0  stubs.o ABSOLUTE
    _printf_pre_padding                      0x00000000   Number         0  stubs.o ABSOLUTE
    _printf_return_value                     0x00000000   Number         0  stubs.o ABSOLUTE
    _printf_s                                0x00000000   Number         0  stubs.o ABSOLUTE
    _printf_sizespec                         0x00000000   Number         0  stubs.o ABSOLUTE
    _printf_str                              0x00000000   Number         0  stubs.o ABSOLUTE
    _printf_truncate_signed                  0x00000000   Number         0  stubs.o ABSOLUTE
    _printf_truncate_unsigned                0x00000000   Number         0  stubs.o ABSOLUTE
    _printf_u                                0x00000000   Number         0  stubs.o ABSOLUTE
    _printf_wc                               0x00000000   Number         0  stubs.o ABSOLUTE
    _printf_wctomb                           0x00000000   Number         0  stubs.o ABSOLUTE
    _printf_widthprec                        0x00000000   Number         0  stubs.o ABSOLUTE
    _printf_x                                0x00000000   Number         0  stubs.o ABSOLUTE
    __cpp_initialize__aeabi_                  - Undefined Weak Reference
    __cxa_finalize                            - Undefined Weak Reference
    __decompress                              - Undefined Weak Reference
    _clock_init                               - Undefined Weak Reference
    _microlib_exit                            - Undefined Weak Reference
    Reset_Handler                            0x0000026d   Thumb Code     0  startup_rvmdk.o(RESET)
    __main                                   0x00000289   Thumb Code     0  entry.o(.ARM.Collect$$$$00000000)
    _main_stk                                0x00000289   Thumb Code     0  entry2.o(.ARM.Collect$$$$00000001)
    _main_scatterload                        0x0000028d   Thumb Code     0  entry5.o(.ARM.Collect$$$$00000004)
    __main_after_scatterload                 0x00000291   Thumb Code     0  entry5.o(.ARM.Collect$$$$00000004)
    _main_clock                              0x00000291   Thumb Code     0  entry7b.o(.ARM.Collect$$$$00000008)
    _main_cpp_init                           0x00000291   Thumb Code     0  entry8b.o(.ARM.Collect$$$$0000000A)
    _main_init                               0x00000291   Thumb Code     0  entry9a.o(.ARM.Collect$$$$0000000B)
    __rt_final_cpp                           0x00000299   Thumb Code     0  entry10a.o(.ARM.Collect$$$$0000000D)
    __rt_final_exit                          0x00000299   Thumb Code     0  entry11a.o(.ARM.Collect$$$$0000000F)
    __scatterload                            0x0000029d   Thumb Code    28  init.o(.text)
    __scatterload_rt2                        0x0000029d   Thumb Code     0  init.o(.text)
    GPIODirModeSet                           0x000002c1   Thumb Code    40  gpio.o(i.GPIODirModeSet)
    GPIOIntClear                             0x000002e9   Thumb Code     6  gpio.o(i.GPIOIntClear)
    GPIOIntDisable                           0x000002ef   Thumb Code    14  gpio.o(i.GPIOIntDisable)
    GPIOIntEnable                            0x000002fd   Thumb Code    14  gpio.o(i.GPIOIntEnable)
    GPIOIntTypeSet                           0x0000030b   Thumb Code    80  gpio.o(i.GPIOIntTypeSet)
    GPIOPadConfigSet                         0x0000035b   Thumb Code   318  gpio.o(i.GPIOPadConfigSet)
    GPIOPinTypeGPIOInput                     0x00000499   Thumb Code    28  gpio.o(i.GPIOPinTypeGPIOInput)
    GPIOPinTypeGPIOOutput                    0x000004b5   Thumb Code    28  gpio.o(i.GPIOPinTypeGPIOOutput)
    GPIOPinWrite                             0x000004d1   Thumb Code     6  gpio.o(i.GPIOPinWrite)
    GPSGetData                               0x000004d9   Thumb Code   356  adafruitultimategps.o(i.GPSGetData)
    GPSIntHandler                            0x00000659   Thumb Code    84  adafruitultimategps.o(i.GPSIntHandler)
    PPSGPIOInterrupt                         0x000006b9   Thumb Code    82  main.o(i.PPSGPIOInterrupt)
    PPSHighTimerInterrupt                    0x00000731   Thumb Code    82  main.o(i.PPSHighTimerInterrupt)
    PPSLowTimerInterrupt                     0x000007ad   Thumb Code    62  main.o(i.PPSLowTimerInterrupt)
    PiStatusTimerInterrupt                   0x000007f5   Thumb Code    40  main.o(i.PiStatusTimerInterrupt)
    RingBuffer_Init                          0x0000082d   Thumb Code    34  adafruitultimategps.o(i.RingBuffer_Init)
    RingBuffer_PopChar                       0x0000084f   Thumb Code    34  adafruitultimategps.o(i.RingBuffer_PopChar)
    RingBuffer_Push                          0x00000871   Thumb Code    66  adafruitultimategps.o(i.RingBuffer_Push)
    SchedulerElapsedTicksCalc                0x000008b3   Thumb Code    20  scheduler.o(i.SchedulerElapsedTicksCalc)
    SchedulerElapsedTicksGet                 0x000008c9   Thumb Code    16  scheduler.o(i.SchedulerElapsedTicksGet)
    SchedulerInit                            0x000008dd   Thumb Code    28  scheduler.o(i.SchedulerInit)
    SchedulerRun                             0x000008f9   Thumb Code    56  scheduler.o(i.SchedulerRun)
    SchedulerSysTickIntHandler               0x0000093d   Thumb Code    18  scheduler.o(i.SchedulerSysTickIntHandler)
    SysCtlClockGet                           0x00000955   Thumb Code   250  sysctl.o(i.SysCtlClockGet)
    SysTickEnable                            0x00000a61   Thumb Code    14  systick.o(i.SysTickEnable)
    SysTickIntEnable                         0x00000a6f   Thumb Code    14  systick.o(i.SysTickIntEnable)
    SysTickPeriodSet                         0x00000a7d   Thumb Code    10  systick.o(i.SysTickPeriodSet)
    SysTick_Init                             0x00000a87   Thumb Code    24  systick.o(i.SysTick_Init)
    SysTick_Wait                             0x00000a9f   Thumb Code    32  systick.o(i.SysTick_Wait)
    SysTick_delay_ms                         0x00000ac1   Thumb Code    22  systick.o(i.SysTick_delay_ms)
    SysTick_delay_us                         0x00000add   Thumb Code    22  systick.o(i.SysTick_delay_us)
    TimerClockSourceSet                      0x00000af3   Thumb Code     6  timer.o(i.TimerClockSourceSet)
    TimerLoadSet                             0x00000af9   Thumb Code    18  timer.o(i.TimerLoadSet)
    TimerLoadSet64                           0x00000b0b   Thumb Code     6  timer.o(i.TimerLoadSet64)
    UART0IntHandler                          0x00000b11   Thumb Code   140  uartconfiguration.o(i.UART0IntHandler)
    UARTFIFOEnable                           0x00000bb5   Thumb Code    10  uart.o(i.UARTFIFOEnable)
    UARTFIFOLevelSet                         0x00000bbf   Thumb Code     6  uart.o(i.UARTFIFOLevelSet)
    UARTSend                                 0x00000bc5   Thumb Code    36  uartconfiguration.o(i.UARTSend)
    UARTStdioConfig                          0x00000be9   Thumb Code    96  uartstdio.o(i.UARTStdioConfig)
    WatchdogIntHandler                       0x00000c55   Thumb Code    24  main.o(i.WatchdogIntHandler)
    __scatterload_copy                       0x00000c6d   Thumb Code    14  handlers.o(i.__scatterload_copy)
    __scatterload_null                       0x00000c7b   Thumb Code     2  handlers.o(i.__scatterload_null)
    __scatterload_zeroinit                   0x00000c7d   Thumb Code    14  handlers.o(i.__scatterload_zeroinit)
    configPPSGPIO                            0x00000c8d   Thumb Code    64  main.o(i.configPPSGPIO)
    configPPSTimer                           0x00000cd9   Thumb Code   258  main.o(i.configPPSTimer)
    configPiStatusGPIO                       0x00000de9   Thumb Code    86  main.o(i.configPiStatusGPIO)
    configPiStatusTimer                      0x00000e4d   Thumb Code   142  main.o(i.configPiStatusTimer)
    configUART                               0x00000ee5   Thumb Code   152  uartconfiguration.o(i.configUART)
    initGPS                                  0x00000f89   Thumb Code   152  adafruitultimategps.o(i.initGPS)
    isGPSDataUpdated                         0x00001041   Thumb Code     8  adafruitultimategps.o(i.isGPSDataUpdated)
    isGPSSentenceComplete                    0x0000104d   Thumb Code     6  adafruitultimategps.o(i.isGPSSentenceComplete)
    main                                     0x00001059   Thumb Code   186  main.o(i.main)
    piCurrStateBlink                         0x00001149   Thumb Code    36  main.o(i.piCurrStateBlink)
    piStatusGPIOInterrupt                    0x00001179   Thumb Code   102  main.o(i.piStatusGPIOInterrupt)
    responseRead                             0x000011f1   Thumb Code    30  uartconfiguration.o(i.responseRead)
    stringLength                             0x00001221   Thumb Code    16  strfunc.o(i.stringLength)
    syncWithGPSPPS                           0x00001231   Thumb Code    90  main.o(i.syncWithGPSPPS)
    ustrcmp                                  0x000012ad   Thumb Code    20  ustdlib.o(i.ustrcmp)
    ustrlen                                  0x000012c1   Thumb Code    16  ustdlib.o(i.ustrlen)
    ustrncmp                                 0x000012d1   Thumb Code    58  ustdlib.o(i.ustrncmp)
    ustrstr                                  0x0000130b   Thumb Code    44  ustdlib.o(i.ustrstr)
    GPSData                                  0x00001354   Data           4  adafruitultimategps.o(.constdata)
    Region$$Table$$Base                      0x00001538   Number         0  anon$$obj.o(Region$$Table)
    Region$$Table$$Limit                     0x00001558   Number         0  anon$$obj.o(Region$$Table)
    piCurrState                              0x20000000   Data           4  main.o(.data)
    piCurrStateToggle                        0x20000004   Data           4  main.o(.data)
    PPSInterruptOccured                      0x20000008   Data           1  main.o(.data)
    ResyncTimeout                            0x20000009   Data           1  main.o(.data)
    PPSTimerEnabled                          0x2000000a   Data           1  main.o(.data)
    lastSyncWithPPS                          0x2000000c   Data           4  main.o(.data)
    g_psSchedulerTable                       0x20000010   Data          20  main.o(.data)
    g_ui32SchedulerNumTasks                  0x20000024   Data           4  main.o(.data)
    piStatus                                 0x20000028   Data           4  main.o(.data)
    indexUART                                0x2000002c   Data           8  uartconfiguration.o(.data)
    UARTIntStat                              0x20000034   Data           2  uartconfiguration.o(.data)
    gpsStringComp                            0x20000044   Data           1  adafruitultimategps.o(.data)
    garbageflaggps                           0x20000045   Data           1  adafruitultimategps.o(.data)
    commagps                                 0x20000048   Data           4  adafruitultimategps.o(.data)
    gpsheader                                0x2000004c   Data           3  adafruitultimategps.o(.data)
    gps                                      0x2000004f   Data           5  adafruitultimategps.o(.data)
    UARTResponse                             0x20000054   Data         256  uartconfiguration.o(.bss)
    rb_GPS                                   0x20000154   Data         568  adafruitultimategps.o(.bss)
    data                                     0x2000038c   Data         223  adafruitultimategps.o(.bss)
    __initial_sp                             0x20002470   Data           0  startup_rvmdk.o(STACK)



==============================================================================

Memory Map of the image

  Image Entry point : 0x0000026d

  Load Region LR_IROM (Base: 0x00000000, Size: 0x000015ac, Max: 0x00040000, ABSOLUTE)

    Execution Region ER_IROM (Base: 0x00000000, Size: 0x00001558, Max: 0x00040000, ABSOLUTE)

    Base Addr    Size         Type   Attr      Idx    E Section Name        Object

    0x00000000   0x00000288   Code   RO            3  * RESET               startup_rvmdk.o
    0x00000288   0x00000000   Code   RO         2172  * .ARM.Collect$$$$00000000  mc_w.l(entry.o)
    0x00000288   0x00000004   Code   RO         2481    .ARM.Collect$$$$00000001  mc_w.l(entry2.o)
    0x0000028c   0x00000004   Code   RO         2484    .ARM.Collect$$$$00000004  mc_w.l(entry5.o)
    0x00000290   0x00000000   Code   RO         2486    .ARM.Collect$$$$00000008  mc_w.l(entry7b.o)
    0x00000290   0x00000000   Code   RO         2488    .ARM.Collect$$$$0000000A  mc_w.l(entry8b.o)
    0x00000290   0x00000008   Code   RO         2489    .ARM.Collect$$$$0000000B  mc_w.l(entry9a.o)
    0x00000298   0x00000000   Code   RO         2491    .ARM.Collect$$$$0000000D  mc_w.l(entry10a.o)
    0x00000298   0x00000000   Code   RO         2493    .ARM.Collect$$$$0000000F  mc_w.l(entry11a.o)
    0x00000298   0x00000004   Code   RO         2482    .ARM.Collect$$$$00002712  mc_w.l(entry2.o)
    0x0000029c   0x00000024   Code   RO         2520    .text               mc_w.l(init.o)
    0x000002c0   0x00000028   Code   RO          751    i.GPIODirModeSet    driverlib.lib(gpio.o)
    0x000002e8   0x00000006   Code   RO          752    i.GPIOIntClear      driverlib.lib(gpio.o)
    0x000002ee   0x0000000e   Code   RO          753    i.GPIOIntDisable    driverlib.lib(gpio.o)
    0x000002fc   0x0000000e   Code   RO          754    i.GPIOIntEnable     driverlib.lib(gpio.o)
    0x0000030a   0x00000050   Code   RO          758    i.GPIOIntTypeSet    driverlib.lib(gpio.o)
    0x0000035a   0x0000013e   Code   RO          761    i.GPIOPadConfigSet  driverlib.lib(gpio.o)
    0x00000498   0x0000001c   Code   RO          772    i.GPIOPinTypeGPIOInput  driverlib.lib(gpio.o)
    0x000004b4   0x0000001c   Code   RO          773    i.GPIOPinTypeGPIOOutput  driverlib.lib(gpio.o)
    0x000004d0   0x00000006   Code   RO          794    i.GPIOPinWrite      driverlib.lib(gpio.o)
    0x000004d6   0x00000002   PAD
    0x000004d8   0x00000180   Code   RO          647    i.GPSGetData        adafruitultimategps.o
    0x00000658   0x00000060   Code   RO          648    i.GPSIntHandler     adafruitultimategps.o
    0x000006b8   0x00000078   Code   RO            9    i.PPSGPIOInterrupt  main.o
    0x00000730   0x0000007c   Code   RO           10    i.PPSHighTimerInterrupt  main.o
    0x000007ac   0x00000048   Code   RO           11    i.PPSLowTimerInterrupt  main.o
    0x000007f4   0x00000038   Code   RO           12    i.PiStatusTimerInterrupt  main.o
    0x0000082c   0x00000022   Code   RO          650    i.RingBuffer_Init   adafruitultimategps.o
    0x0000084e   0x00000022   Code   RO          651    i.RingBuffer_PopChar  adafruitultimategps.o
    0x00000870   0x00000042   Code   RO          654    i.RingBuffer_Push   adafruitultimategps.o
    0x000008b2   0x00000014   Code   RO          382    i.SchedulerElapsedTicksCalc  scheduler.o
    0x000008c6   0x00000002   PAD
    0x000008c8   0x00000014   Code   RO          383    i.SchedulerElapsedTicksGet  scheduler.o
    0x000008dc   0x0000001c   Code   RO          384    i.SchedulerInit     scheduler.o
    0x000008f8   0x00000044   Code   RO          385    i.SchedulerRun      scheduler.o
    0x0000093c   0x00000018   Code   RO          386    i.SchedulerSysTickIntHandler  scheduler.o
    0x00000954   0x0000010c   Code   RO         1083    i.SysCtlClockGet    driverlib.lib(sysctl.o)
    0x00000a60   0x0000000e   Code   RO         1439    i.SysTickEnable     driverlib.lib(systick.o)
    0x00000a6e   0x0000000e   Code   RO         1441    i.SysTickIntEnable  driverlib.lib(systick.o)
    0x00000a7c   0x0000000a   Code   RO         1445    i.SysTickPeriodSet  driverlib.lib(systick.o)
    0x00000a86   0x00000018   Code   RO          310    i.SysTick_Init      systick.o
    0x00000a9e   0x00000020   Code   RO          311    i.SysTick_Wait      systick.o
    0x00000abe   0x00000002   PAD
    0x00000ac0   0x0000001c   Code   RO          312    i.SysTick_delay_ms  systick.o
    0x00000adc   0x00000016   Code   RO          313    i.SysTick_delay_us  systick.o
    0x00000af2   0x00000006   Code   RO         1504    i.TimerClockSourceSet  driverlib.lib(timer.o)
    0x00000af8   0x00000012   Code   RO         1523    i.TimerLoadSet      driverlib.lib(timer.o)
    0x00000b0a   0x00000006   Code   RO         1524    i.TimerLoadSet64    driverlib.lib(timer.o)
    0x00000b10   0x000000a4   Code   RO          252    i.UART0IntHandler   uartconfiguration.o
    0x00000bb4   0x0000000a   Code   RO         1759    i.UARTFIFOEnable    driverlib.lib(uart.o)
    0x00000bbe   0x00000006   Code   RO         1761    i.UARTFIFOLevelSet  driverlib.lib(uart.o)
    0x00000bc4   0x00000024   Code   RO          253    i.UARTSend          uartconfiguration.o
    0x00000be8   0x0000006c   Code   RO          565    i.UARTStdioConfig   uartstdio.o
    0x00000c54   0x00000018   Code   RO           13    i.WatchdogIntHandler  main.o
    0x00000c6c   0x0000000e   Code   RO         2528    i.__scatterload_copy  mc_w.l(handlers.o)
    0x00000c7a   0x00000002   Code   RO         2529    i.__scatterload_null  mc_w.l(handlers.o)
    0x00000c7c   0x0000000e   Code   RO         2530    i.__scatterload_zeroinit  mc_w.l(handlers.o)
    0x00000c8a   0x00000002   PAD
    0x00000c8c   0x0000004c   Code   RO           14    i.configPPSGPIO     main.o
    0x00000cd8   0x00000110   Code   RO           15    i.configPPSTimer    main.o
    0x00000de8   0x00000064   Code   RO           16    i.configPiStatusGPIO  main.o
    0x00000e4c   0x00000098   Code   RO           17    i.configPiStatusTimer  main.o
    0x00000ee4   0x000000a4   Code   RO          254    i.configUART        uartconfiguration.o
    0x00000f88   0x000000b8   Code   RO          656    i.initGPS           adafruitultimategps.o
    0x00001040   0x0000000c   Code   RO          657    i.isGPSDataUpdated  adafruitultimategps.o
    0x0000104c   0x0000000c   Code   RO          658    i.isGPSSentenceComplete  adafruitultimategps.o
    0x00001058   0x000000f0   Code   RO           19    i.main              main.o
    0x00001148   0x00000030   Code   RO           20    i.piCurrStateBlink  main.o
    0x00001178   0x00000078   Code   RO           21    i.piStatusGPIOInterrupt  main.o
    0x000011f0   0x00000030   Code   RO          255    i.responseRead      uartconfiguration.o
    0x00001220   0x00000010   Code   RO          181    i.stringLength      strfunc.o
    0x00001230   0x0000007c   Code   RO           22    i.syncWithGPSPPS    main.o
    0x000012ac   0x00000014   Code   RO          462    i.ustrcmp           ustdlib.o
    0x000012c0   0x00000010   Code   RO          463    i.ustrlen           ustdlib.o
    0x000012d0   0x0000003a   Code   RO          465    i.ustrncmp          ustdlib.o
    0x0000130a   0x0000002c   Code   RO          467    i.ustrstr           ustdlib.o
    0x00001336   0x00000002   PAD
    0x00001338   0x0000001c   Data   RO          571    .constdata          uartstdio.o
    0x00001354   0x00000004   Data   RO          660    .constdata          adafruitultimategps.o
    0x00001358   0x000001cc   Data   RO         1135    .constdata          driverlib.lib(sysctl.o)
    0x00001524   0x00000011   Data   RO          572    .conststring        uartstdio.o
    0x00001535   0x00000003   PAD
    0x00001538   0x00000020   Data   RO         2526    Region$$Table       anon$$obj.o


    Execution Region RW_IRAM (Base: 0x20000000, Size: 0x00002470, Max: 0x00008000, ABSOLUTE)

    Base Addr    Size         Type   Attr      Idx    E Section Name        Object

    0x20000000   0x0000002c   Data   RW           23    .data               main.o
    0x2000002c   0x0000000a   Data   RW          257    .data               uartconfiguration.o
    0x20000036   0x00000002   PAD
    0x20000038   0x00000004   Data   RW          390    .data               scheduler.o
    0x2000003c   0x00000005   Data   RW          573    .data               uartstdio.o
    0x20000041   0x00000003   PAD
    0x20000044   0x00000010   Data   RW          661    .data               adafruitultimategps.o
    0x20000054   0x00000100   Zero   RW          256    .bss                uartconfiguration.o
    0x20000154   0x00000317   Zero   RW          659    .bss                adafruitultimategps.o
    0x2000046b   0x00000005   PAD
    0x20000470   0x00002000   Zero   RW            1    STACK               startup_rvmdk.o


==============================================================================

Image component sizes


      Code (inc. data)   RO Data    RW Data    ZI Data      Debug   Object Name

       822         82          4         16        791       7025   adafruitultimategps.o
      1528        274          0         44          0      13021   main.o
       160         22          0          4          0       4208   scheduler.o
       648        622          0          0       8192        296   startup_rvmdk.o
        16          0          0          0          0        559   strfunc.o
       106          6          0          0          0       2204   systick.o
       412         54          0         10        256       4142   uartconfiguration.o
       108         12         45          5          0       2741   uartstdio.o
       138          0          0          0          0       2637   ustdlib.o

    ----------------------------------------------------------------------
      3944       1072         84         84       9244      36833   Object Totals
         0          0         32          0          0          0   (incl. Generated)
         6          0          3          5          5          0   (incl. Padding)

    ----------------------------------------------------------------------

      Code (inc. data)   RO Data    RW Data    ZI Data      Debug   Library Member Name

       534          0          0          0          0       7279   gpio.o
       268         18        460          0          0       2453   sysctl.o
        38          0          0          0          0       1226   systick.o
        30          0          0          0          0       1338   timer.o
        16          0          0          0          0        860   uart.o
         0          0          0          0          0          0   entry.o
         0          0          0          0          0          0   entry10a.o
         0          0          0          0          0          0   entry11a.o
         8          4          0          0          0          0   entry2.o
         4          0          0          0          0          0   entry5.o
         0          0          0          0          0          0   entry7b.o
         0          0          0          0          0          0   entry8b.o
         8          4          0          0          0          0   entry9a.o
        30          0          0          0          0          0   handlers.o
        36          8          0          0          0         68   init.o

    ----------------------------------------------------------------------
       976         34        460          0          0      13224   Library Totals
         4          0          0          0          0          0   (incl. Padding)

    ----------------------------------------------------------------------

      Code (inc. data)   RO Data    RW Data    ZI Data      Debug   Library Name

       886         18        460          0          0      13156   driverlib.lib
        86         16          0          0          0         68   mc_w.l

    ----------------------------------------------------------------------
       976         34        460          0          0      13224   Library Totals

    ----------------------------------------------------------------------

==============================================================================


      Code (inc. data)   RO Data    RW Data    ZI Data      Debug   

      4920       1106        544         84       9244      45157   Grand Totals
      4920       1106        544         84       9244      45157   ELF Image Totals
      4920       1106        544         84          0          0   ROM Totals

==============================================================================

    Total RO  Size (Code + RO Data)                 5464 (   5.34kB)
    Total RW  Size (RW Data + ZI Data)              9328 (   9.11kB)
    Total ROM Size (Code + RO Data + RW Data)       5548 (   5.42kB)

==============================================================================

