<html>
<body>
<pre>
<h1>µVision Build Log</h1>
<h2>Project:</h2>
F:\Vessel_Management_System\ti\TivaWare_C_Series-2.0.1.11577\examples\boards\dk-tm4c123g\Pi_Status_Monitoring\Vms.uvproj
Project File Date:  07/30/2017

<h2>Output:</h2>
Build target 'tracking device'
compiling main.c...
linking...
Program Size: Code=4664 RO-data=544 RW-data=84 ZI-data=9244  
After Build - User command #1: fromelf --bin --output .\rvmdk\uart_echo.bin .\rvmdk\uart_echo.axf
".\rvmdk\uart_echo.axf" - 0 Errors, 0 Warning(s).
Build target 'tracking device'
compiling main.c...
linking...
Program Size: Code=4920 RO-data=544 RW-data=84 ZI-data=9244  
After Build - User command #1: fromelf --bin --output .\rvmdk\uart_echo.bin .\rvmdk\uart_echo.axf
".\rvmdk\uart_echo.axf" - 0 Errors, 0 Warning(s).
Build target 'tracking device'
compiling main.c...
linking...
Program Size: Code=4920 RO-data=544 RW-data=84 ZI-data=9244  
After Build - User command #1: fromelf --bin --output .\rvmdk\uart_echo.bin .\rvmdk\uart_echo.axf
".\rvmdk\uart_echo.axf" - 0 Errors, 0 Warning(s).
